Component: ARM Compiler 5.06 update 3 (build 300) Tool: armlink [4d35c9]

==============================================================================

Section Cross References

    main.o(.text) refers to init.o(.text) for All_Init
    main.o(.text) refers to scheduler.o(.text) for Duty_Loop
    main.o(.text) refers to main.o(.data) for Init_Finish
    stm32f4xx_it.o(.text) refers to time.o(.text) for sys_time
    stm32f4xx_it.o(.text) refers to pwm_in.o(.text) for _TIM3_IRQHandler
    stm32f4xx_it.o(.text) refers to usart.o(.text) for Usart2_IRQ
    stm32f4xx_it.o(.text) refers to time.o(.data) for sysTickUptime
    scheduler.o(.text) refers to time.o(.text) for Get_Cycle_T
    scheduler.o(.text) refers to led.o(.text) for LED_Display
    scheduler.o(.text) refers to data_transfer.o(.text) for ANO_DT_Data_Exchange
    scheduler.o(.text) refers to mpu6050.o(.text) for MPU6050_Read
    scheduler.o(.text) refers to ctrl.o(.text) for CTRL_1
    scheduler.o(.text) refers to rc.o(.text) for RC_Duty
    scheduler.o(.text) refers to imu.o(.text) for IMUupdate
    scheduler.o(.text) refers to ms5611.o(.text) for MS5611_Update
    scheduler.o(.text) refers to ak8975.o(.text) for ANO_AK8975_Read
    scheduler.o(.text) refers to parameter.o(.text) for Parameter_Save
    scheduler.o(.text) refers to ultrasonic.o(.text) for Ultra_Duty
    scheduler.o(.text) refers to scheduler.o(.bss) for loop
    scheduler.o(.text) refers to led.o(.data) for LED_Brightness
    scheduler.o(.text) refers to pwm_in.o(.bss) for Rc_Pwm_In
    scheduler.o(.text) refers to mpu6050.o(.bss) for mpu6050
    scheduler.o(.text) refers to imu.o(.data) for Yaw
    scheduler.o(.text) refers to height_ctrl.o(.data) for baro_ctrl_start
    scheduler.o(.text) refers to time.o(.data) for time_1ms
    scheduler.o(.text) refers to scheduler.o(.data) for loop_cnt
    init.o(.text) refers to misc.o(.text) for NVIC_PriorityGroupConfig
    init.o(.text) refers to time.o(.text) for SysTick_Configuration
    init.o(.text) refers to i2c_soft.o(.text) for I2c_Soft_Init
    init.o(.text) refers to pwm_in.o(.text) for PWM_IN_Init
    init.o(.text) refers to pwm_out.o(.text) for PWM_Out_Init
    init.o(.text) refers to usbd_user_hid.o(.text) for Usb_Hid_Init
    init.o(.text) refers to mpu6050.o(.text) for MPU6050_Init
    init.o(.text) refers to led.o(.text) for LED_Init
    init.o(.text) refers to usart.o(.text) for Usart2_Init
    init.o(.text) refers to parameter.o(.text) for Para_Init
    init.o(.text) refers to ultrasonic.o(.text) for Ultrasonic_Init
    init.o(.text) refers to mpu6050.o(.data) for mpu6050_ok
    parameter.o(.text) refers to ff.o(.text) for f_mount
    parameter.o(.text) refers to ctrl.o(.text) for Ctrl_Para_Init
    parameter.o(.text) refers to height_ctrl.o(.text) for WZ_Speed_PID_Init
    parameter.o(.text) refers to parameter.o(.bss) for fs
    parameter.o(.text) refers to mpu6050.o(.bss) for mpu6050
    parameter.o(.text) refers to ak8975.o(.data) for ak8975
    parameter.o(.text) refers to ctrl.o(.bss) for ctrl_1
    parameter.o(.text) refers to parameter.o(.data) for flash_init_error
    parameter.o(.text) refers to data_transfer.o(.data) for flash_save_en_cnt
    parameter.o(.text) refers to rc.o(.data) for fly_ready
    ctrl.o(.text) refers to mymath.o(.text) for my_deathzoom
    ctrl.o(.text) refers to f2d.o(.text) for __aeabi_f2d
    ctrl.o(.text) refers to dmul.o(.text) for __aeabi_dmul
    ctrl.o(.text) refers to dadd.o(.text) for __aeabi_dadd
    ctrl.o(.text) refers to d2f.o(.text) for __aeabi_d2f
    ctrl.o(.text) refers to ctrl.o(.bss) for ctrl_1
    ctrl.o(.text) refers to rc.o(.bss) for CH_filter
    ctrl.o(.text) refers to ctrl.o(.data) for Thr_Low
    ctrl.o(.text) refers to imu.o(.data) for Yaw
    ctrl.o(.text) refers to rc.o(.data) for fly_ready
    ctrl.o(.text) refers to height_ctrl.o(.text) for Height_Ctrl
    ctrl.o(.text) refers to height_ctrl.o(.data) for height_ctrl_out
    ctrl.o(.text) refers to mpu6050.o(.bss) for mpu6050
    ctrl.o(.text) refers to dflti.o(.text) for __aeabi_i2d
    ctrl.o(.text) refers to cdcmple.o(.text) for __aeabi_cdcmple
    ctrl.o(.text) refers to ddiv.o(.text) for __aeabi_ddiv
    ctrl.o(.text) refers to dfltui.o(.text) for __aeabi_ui2d
    ctrl.o(.text) refers to stm32f4xx_tim.o(.text) for TIM_SetCompare3
    ctrl.o(.text) refers to cdrcmple.o(.text) for __aeabi_cdrcmple
    ctrl.o(.text) refers to pwm_in.o(.bss) for Rc_Pwm_In
    imu.o(.text) refers to mymath.o(.text) for my_sqrt
    imu.o(.text) refers to filter.o(.text) for simple_3d_trans
    imu.o(.text) refers to ak8975.o(.data) for ak8975
    imu.o(.text) refers to imu.o(.data) for mag_norm_xyz
    imu.o(.text) refers to imu.o(.bss) for mag_tmp
    imu.o(.text) refers to f2d.o(.text) for __aeabi_f2d
    imu.o(.text) refers to asin.o(i.__hardfp_asin) for __hardfp_asin
    imu.o(.text) refers to dmul.o(.text) for __aeabi_dmul
    imu.o(.text) refers to d2f.o(.text) for __aeabi_d2f
[...]
    TIM_NVIC                                 0x08006127   Thumb Code    34  time.o(.text)
    TIM_INIT                                 0x08006149   Thumb Code    20  time.o(.text)
    SysTick_Configuration                    0x0800615d   Thumb Code   100  time.o(.text)
    GetSysTime_us                            0x080061c1   Thumb Code    48  time.o(.text)
    Delay_us                                 0x080061f1   Thumb Code    24  time.o(.text)
    Delay_ms                                 0x08006209   Thumb Code    24  time.o(.text)
    sys_time                                 0x08006221   Thumb Code   126  time.o(.text)
    Get_Cycle_T                              0x0800629f   Thumb Code   118  time.o(.text)
    Cycle_Time_Init                          0x08006315   Thumb Code    22  time.o(.text)
    PWM_IN_Init                              0x08006355   Thumb Code   344  pwm_in.o(.text)
    _TIM3_IRQHandler                         0x080064ad   Thumb Code   450  pwm_in.o(.text)
    _TIM4_IRQHandler                         0x0800666f   Thumb Code   546  pwm_in.o(.text)
    PWM_Out_Init                             0x080068ad   Thumb Code   302  pwm_out.o(.text)
    CH_out_Mapping_Fun                       0x080069db   Thumb Code    28  pwm_out.o(.text)
    SetPwm                                   0x080069f7   Thumb Code   108  pwm_out.o(.text)
    I2c_Soft_delay                           0x08006a79   Thumb Code    42  i2c_soft.o(.text)
    I2c_Soft_Init                            0x08006aa3   Thumb Code    46  i2c_soft.o(.text)
    I2c_Soft_Start                           0x08006ad1   Thumb Code    86  i2c_soft.o(.text)
    I2c_Soft_Stop                            0x08006b27   Thumb Code    52  i2c_soft.o(.text)
    I2c_Soft_Ask                             0x08006b5b   Thumb Code    52  i2c_soft.o(.text)
    I2c_Soft_NoAsk                           0x08006b8f   Thumb Code    52  i2c_soft.o(.text)
    I2c_Soft_WaitAsk                         0x08006bc3   Thumb Code    88  i2c_soft.o(.text)
    I2c_Soft_SendByte                        0x08006c1b   Thumb Code    84  i2c_soft.o(.text)
    I2c_Soft_ReadByte                        0x08006c6f   Thumb Code    96  i2c_soft.o(.text)
    IIC_Write_1Byte                          0x08006ccf   Thumb Code    62  i2c_soft.o(.text)
    IIC_Read_1Byte                           0x08006d0d   Thumb Code    80  i2c_soft.o(.text)
    IIC_Write_nByte                          0x08006d5d   Thumb Code    78  i2c_soft.o(.text)
    IIC_Read_nByte                           0x08006dab   Thumb Code   108  i2c_soft.o(.text)
    MPU6050_Read                             0x08006e21   Thumb Code    22  mpu6050.o(.text)
    IICwriteBit                              0x08006e37   Thumb Code    78  mpu6050.o(.text)
    IICwriteBits                             0x08006e85   Thumb Code   102  mpu6050.o(.text)
    MPU6050_set_SMPLRT_DIV                   0x08006eeb   Thumb Code    28  mpu6050.o(.text)
    MPU6050_setClockSource                   0x08006f07   Thumb Code    20  mpu6050.o(.text)
    MPU6050_setFullScaleGyroRange            0x08006f1b   Thumb Code    36  mpu6050.o(.text)
    MPU6050_setFullScaleAccelRange           0x08006f3f   Thumb Code    36  mpu6050.o(.text)
    MPU6050_setSleepEnabled                  0x08006f63   Thumb Code    18  mpu6050.o(.text)
    MPU6050_setI2CMasterModeEnabled          0x08006f75   Thumb Code    18  mpu6050.o(.text)
    MPU6050_setI2CBypassEnabled              0x08006f87   Thumb Code    18  mpu6050.o(.text)
    MPU6050_setDLPF                          0x08006f99   Thumb Code    20  mpu6050.o(.text)
    MPU6050_INT_Config                       0x08006fad   Thumb Code    56  mpu6050.o(.text)
    MPU6050_Init                             0x08006fe5   Thumb Code   184  mpu6050.o(.text)
    MPU6050_Data_Offset                      0x0800709d   Thumb Code   710  mpu6050.o(.text)
    Transform                                0x08007363   Thumb Code    14  mpu6050.o(.text)
    MPU6050_Data_Prepare                     0x08007371   Thumb Code  1176  mpu6050.o(.text)
    ANO_AK8975_Run                           0x08007821   Thumb Code    22  ak8975.o(.text)
    XYZ_STRUCT_COPY                          0x08007837   Thumb Code    40  ak8975.o(.text)
    ANO_AK8975_CalOffset_Mag                 0x0800785f   Thumb Code   750  ak8975.o(.text)
    ANO_AK8975_Read_Mag_Data                 0x08007b4d   Thumb Code   272  ak8975.o(.text)
    ANO_AK8975_Get_Mag                       0x08007c5d   Thumb Code    16  ak8975.o(.text)
    ANO_AK8975_Read                          0x08007c6d   Thumb Code     8  ak8975.o(.text)
    LED_Init                                 0x08007c79   Thumb Code   116  led.o(.text)
    LED_Display                              0x08007ced   Thumb Code   152  led.o(.text)
    LED_Duty                                 0x08007d85   Thumb Code   590  led.o(.text)
    LED_MPU_Err                              0x08007fd3   Thumb Code    46  led.o(.text)
    LED_Mag_Err                              0x08008001   Thumb Code    72  led.o(.text)
    LED_MS5611_Err                           0x08008049   Thumb Code   134  led.o(.text)
    MS5611_Reset                             0x080080d5   Thumb Code    14  ms5611.o(.text)
    MS5611_Read_Prom                         0x080080e3   Thumb Code    72  ms5611.o(.text)
    MS5611_Read_Adc_T                        0x0800812b   Thumb Code    16  ms5611.o(.text)
    MS5611_Read_Adc_P                        0x0800813b   Thumb Code    16  ms5611.o(.text)
    MS5611_Start_T                           0x0800814b   Thumb Code    14  ms5611.o(.text)
    MS5611_Start_P                           0x08008159   Thumb Code    14  ms5611.o(.text)
    MS5611_Init                              0x08008167   Thumb Code    40  ms5611.o(.text)
    MS5611_BaroAltCalculate                  0x0800818f   Thumb Code   646  ms5611.o(.text)
    MS5611_Update                            0x08008415   Thumb Code    48  ms5611.o(.text)
    MS5611_Get_BaroAlt                       0x08008445   Thumb Code     6  ms5611.o(.text)
    Usart2_Init                              0x080084b1   Thumb Code   230  usart.o(.text)
    Usart2_IRQ                               0x08008597   Thumb Code   120  usart.o(.text)
    Usart2_Send                              0x0800860f   Thumb Code    62  usart.o(.text)
    Uart5_Init                               0x0800864d   Thumb Code   206  usart.o(.text)
    Uart5_IRQ                                0x0800871b   Thumb Code    94  usart.o(.text)
    Uart5_Send                               0x08008779   Thumb Code    60  usart.o(.text)
    usbd_stm32_delay                         0x080087dd   Thumb Code    40  usbd_stm32f4xx_fs.o(.text)
    USBD_IntrEna                             0x08008805   Thumb Code    26  usbd_stm32f4xx_fs.o(.text)
    USBD_Init                                0x0800881f   Thumb Code   462  usbd_stm32f4xx_fs.o(.text)
    USBD_Connect                             0x080089ed   Thumb Code    62  usbd_stm32f4xx_fs.o(.text)
    USBD_SetAddress                          0x08008a2b   Thumb Code    24  usbd_stm32f4xx_fs.o(.text)
    USBD_Reset                               0x08008a43   Thumb Code   192  usbd_stm32f4xx_fs.o(.text)
    USBD_Suspend                             0x08008b03   Thumb Code     2  usbd_stm32f4xx_fs.o(.text)
    USBD_Resume                              0x08008b05   Thumb Code     2  usbd_stm32f4xx_fs.o(.text)
    USBD_WakeUp                              0x08008b07   Thumb Code    34  usbd_stm32f4xx_fs.o(.text)
    USBD_WakeUpCfg                           0x08008b29   Thumb Code     2  usbd_stm32f4xx_fs.o(.text)
    USBD_Configure                           0x08008b67   Thumb Code    14  usbd_stm32f4xx_fs.o(.text)
    USBD_ConfigEP                            0x08008b75   Thumb Code   250  usbd_stm32f4xx_fs.o(.text)
    USBD_DirCtrlEP                           0x08008c6f   Thumb Code     2  usbd_stm32f4xx_fs.o(.text)
    USBD_EnableEP                            0x08008c71   Thumb Code   200  usbd_stm32f4xx_fs.o(.text)
    USBD_DisableEP                           0x08008d39   Thumb Code   418  usbd_stm32f4xx_fs.o(.text)
    USBD_GetFrame                            0x08008edb   Thumb Code    12  usbd_stm32f4xx_fs.o(.text)
    USBD_ResetEP                             0x08008ee7   Thumb Code   206  usbd_stm32f4xx_fs.o(.text)
    USBD_SetStallEP                          0x08008fb5   Thumb Code   268  usbd_stm32f4xx_fs.o(.text)
    USBD_ClrStallEP                          0x080090c1   Thumb Code   186  usbd_stm32f4xx_fs.o(.text)
    USBD_ClearEPBuf                          0x0800917b   Thumb Code    70  usbd_stm32f4xx_fs.o(.text)
    USBD_ReadEP                              0x080091c1   Thumb Code   200  usbd_stm32f4xx_fs.o(.text)
    USBD_WriteEP                             0x08009289   Thumb Code   368  usbd_stm32f4xx_fs.o(.text)
    OTG_FS_IRQHandler                        0x080093f9   Thumb Code  1660  usbd_stm32f4xx_fs.o(.text)
    Flash_Init                               0x08009b61   Thumb Code   370  drv_w25qxx.o(.text)
    Flash_SectorErase                        0x08009d41   Thumb Code    66  drv_w25qxx.o(.text)
    Flash_PageWrite                          0x08009d83   Thumb Code    84  drv_w25qxx.o(.text)
    Flash_PageRead                           0x08009dd7   Thumb Code    78  drv_w25qxx.o(.text)
    Flash_SectorsRead                        0x08009e25   Thumb Code    52  drv_w25qxx.o(.text)
    Flash_SectorsWrite                       0x08009e59   Thumb Code   118  drv_w25qxx.o(.text)
    Flash_GetInfo                            0x08009ecf   Thumb Code     4  drv_w25qxx.o(.text)
    Ultrasonic_Init                          0x08009ed9   Thumb Code    12  ultrasonic.o(.text)
    Ultra_Duty                               0x08009ee5   Thumb Code    56  ultrasonic.o(.text)
    Ultra_Get                                0x08009f1d   Thumb Code    78  ultrasonic.o(.text)
    NVIC_PriorityGroupConfig                 0x08009f89   Thumb Code    54  misc.o(.text)
    NVIC_Init                                0x08009fbf   Thumb Code   164  misc.o(.text)
    NVIC_SetVectorTable                      0x0800a063   Thumb Code    60  misc.o(.text)
    NVIC_SystemLPConfig                      0x0800a09f   Thumb Code    78  misc.o(.text)
    SysTick_CLKSourceConfig                  0x0800a0ed   Thumb Code    62  misc.o(.text)
    GPIO_DeInit                              0x0800a175   Thumb Code   284  stm32f4xx_gpio.o(.text)
    GPIO_Init                                0x0800a291   Thumb Code   342  stm32f4xx_gpio.o(.text)
    GPIO_StructInit                          0x0800a3e7   Thumb Code    18  stm32f4xx_gpio.o(.text)
    GPIO_PinLockConfig                       0x0800a3f9   Thumb Code   122  stm32f4xx_gpio.o(.text)
    GPIO_ReadInputDataBit                    0x0800a473   Thumb Code   182  stm32f4xx_gpio.o(.text)
    GPIO_ReadInputData                       0x0800a529   Thumb Code   174  stm32f4xx_gpio.o(.text)
    GPIO_ReadOutputDataBit                   0x0800a5d7   Thumb Code   186  stm32f4xx_gpio.o(.text)
    GPIO_ReadOutputData                      0x0800a691   Thumb Code    78  stm32f4xx_gpio.o(.text)
    GPIO_SetBits                             0x0800a6df   Thumb Code    98  stm32f4xx_gpio.o(.text)
    GPIO_ResetBits                           0x0800a741   Thumb Code    98  stm32f4xx_gpio.o(.text)
    GPIO_WriteBit                            0x0800a7a3   Thumb Code   200  stm32f4xx_gpio.o(.text)
    GPIO_Write                               0x0800a86b   Thumb Code    78  stm32f4xx_gpio.o(.text)
    GPIO_ToggleBits                          0x0800a8b9   Thumb Code    82  stm32f4xx_gpio.o(.text)
    GPIO_PinAFConfig                         0x0800a90b   Thumb Code   384  stm32f4xx_gpio.o(.text)
    RCC_DeInit                               0x0800aa8d   Thumb Code    60  stm32f4xx_rcc.o(.text)
    RCC_HSEConfig                            0x0800aac9   Thumb Code    38  stm32f4xx_rcc.o(.text)
    RCC_GetFlagStatus                        0x0800aaef   Thumb Code   130  stm32f4xx_rcc.o(.text)
    RCC_WaitForHSEStartUp                    0x0800ab71   Thumb Code    56  stm32f4xx_rcc.o(.text)
    RCC_AdjustHSICalibrationValue            0x0800aba9   Thumb Code    38  stm32f4xx_rcc.o(.text)
    RCC_HSICmd                               0x0800abcf   Thumb Code    28  stm32f4xx_rcc.o(.text)
    RCC_LSEConfig                            0x0800abeb   Thumb Code    72  stm32f4xx_rcc.o(.text)
    RCC_LSICmd                               0x0800ac33   Thumb Code    28  stm32f4xx_rcc.o(.text)
    RCC_PLLConfig                            0x0800ac4f   Thumb Code   156  stm32f4xx_rcc.o(.text)
    RCC_PLLCmd                               0x0800aceb   Thumb Code    28  stm32f4xx_rcc.o(.text)
    RCC_PLLI2SConfig                         0x0800ad07   Thumb Code    62  stm32f4xx_rcc.o(.text)
    RCC_PLLI2SCmd                            0x0800ad45   Thumb Code    28  stm32f4xx_rcc.o(.text)
    RCC_ClockSecuritySystemCmd               0x0800ad61   Thumb Code    28  stm32f4xx_rcc.o(.text)
    RCC_MCO1Config                           0x0800ad7d   Thumb Code   102  stm32f4xx_rcc.o(.text)
    RCC_MCO2Config                           0x0800ade3   Thumb Code   102  stm32f4xx_rcc.o(.text)
    RCC_SYSCLKConfig                         0x0800ae49   Thumb Code   124  stm32f4xx_rcc.o(.text)
    RCC_GetSYSCLKSource                      0x0800aec5   Thumb Code    10  stm32f4xx_rcc.o(.text)
    RCC_HCLKConfig                           0x0800aecf   Thumb Code    68  stm32f4xx_rcc.o(.text)
    RCC_PCLK1Config                          0x0800af13   Thumb Code    60  stm32f4xx_rcc.o(.text)
    RCC_PCLK2Config                          0x0800af4f   Thumb Code    62  stm32f4xx_rcc.o(.text)
    RCC_GetClocksFreq                        0x0800af8d   Thumb Code   214  stm32f4xx_rcc.o(.text)
    RCC_RTCCLKConfig                         0x0800b063   Thumb Code   262  stm32f4xx_rcc.o(.text)
    RCC_RTCCLKCmd                            0x0800b169   Thumb Code    30  stm32f4xx_rcc.o(.text)
    RCC_BackupResetCmd                       0x0800b187   Thumb Code    32  stm32f4xx_rcc.o(.text)
    RCC_I2SCLKConfig                         0x0800b1a7   Thumb Code    30  stm32f4xx_rcc.o(.text)
    RCC_AHB1PeriphClockCmd                   0x0800b1c5   Thumb Code    82  stm32f4xx_rcc.o(.text)
    RCC_AHB2PeriphClockCmd                   0x0800b217   Thumb Code    82  stm32f4xx_rcc.o(.text)
    RCC_AHB3PeriphClockCmd                   0x0800b269   Thumb Code   232  stm32f4xx_rcc.o(.text)
    RCC_APB1PeriphClockCmd                   0x0800b351   Thumb Code    82  stm32f4xx_rcc.o(.text)
    RCC_APB2PeriphClockCmd                   0x0800b3a3   Thumb Code    82  stm32f4xx_rcc.o(.text)
    RCC_AHB1PeriphResetCmd                   0x0800b3f5   Thumb Code    82  stm32f4xx_rcc.o(.text)
    RCC_AHB2PeriphResetCmd                   0x0800b447   Thumb Code    82  stm32f4xx_rcc.o(.text)
    RCC_AHB3PeriphResetCmd                   0x0800b499   Thumb Code    82  stm32f4xx_rcc.o(.text)
    RCC_APB1PeriphResetCmd                   0x0800b4eb   Thumb Code    82  stm32f4xx_rcc.o(.text)
    RCC_APB2PeriphResetCmd                   0x0800b53d   Thumb Code    82  stm32f4xx_rcc.o(.text)
    RCC_AHB1PeriphClockLPModeCmd             0x0800b58f   Thumb Code    82  stm32f4xx_rcc.o(.text)
    RCC_AHB2PeriphClockLPModeCmd             0x0800b5e1   Thumb Code    82  stm32f4xx_rcc.o(.text)
    RCC_AHB3PeriphClockLPModeCmd             0x0800b633   Thumb Code    82  stm32f4xx_rcc.o(.text)
    RCC_APB1PeriphClockLPModeCmd             0x0800b685   Thumb Code    82  stm32f4xx_rcc.o(.text)
    RCC_APB2PeriphClockLPModeCmd             0x0800b6d7   Thumb Code   106  stm32f4xx_rcc.o(.text)
    RCC_ITConfig                             0x0800b741   Thumb Code    74  stm32f4xx_rcc.o(.text)
    RCC_ClearFlag                            0x0800b78b   Thumb Code    18  stm32f4xx_rcc.o(.text)
    RCC_GetITStatus                          0x0800b79d   Thumb Code    68  stm32f4xx_rcc.o(.text)
    RCC_ClearITPendingBit                    0x0800b7e1   Thumb Code    34  stm32f4xx_rcc.o(.text)
    SPI_I2S_DeInit                           0x0800b809   Thumb Code   104  stm32f4xx_spi.o(.text)
    SPI_Init                                 0x0800b871   Thumb Code   348  stm32f4xx_spi.o(.text)
    I2S_Init                                 0x0800b9cd   Thumb Code   508  stm32f4xx_spi.o(.text)
    SPI_StructInit                           0x0800bbc9   Thumb Code    24  stm32f4xx_spi.o(.text)
    I2S_StructInit                           0x0800bbe1   Thumb Code   104  stm32f4xx_spi.o(.text)
    SPI_Cmd                                  0x0800bc49   Thumb Code    82  stm32f4xx_spi.o(.text)
    I2S_Cmd                                  0x0800bc9b   Thumb Code    88  stm32f4xx_spi.o(.text)
    SPI_DataSizeConfig                       0x0800bcf3   Thumb Code    78  stm32f4xx_spi.o(.text)
    SPI_BiDirectionalLineConfig              0x0800bd41   Thumb Code    94  stm32f4xx_spi.o(.text)
    SPI_NSSInternalSoftwareConfig            0x0800bd9f   Thumb Code    96  stm32f4xx_spi.o(.text)
    SPI_SSOutputCmd                          0x0800bdff   Thumb Code    82  stm32f4xx_spi.o(.text)
    SPI_TIModeCmd                            0x0800be51   Thumb Code    82  stm32f4xx_spi.o(.text)
    I2S_FullDuplexConfig                     0x0800bea3   Thumb Code   258  stm32f4xx_spi.o(.text)
    SPI_I2S_ReceiveData                      0x0800bfa5   Thumb Code    52  stm32f4xx_spi.o(.text)
    SPI_I2S_SendData                         0x0800bfd9   Thumb Code    54  stm32f4xx_spi.o(.text)
    SPI_CalculateCRC                         0x0800c00f   Thumb Code    98  stm32f4xx_spi.o(.text)
    SPI_TransmitCRC                          0x0800c071   Thumb Code    46  stm32f4xx_spi.o(.text)
    SPI_GetCRC                               0x0800c09f   Thumb Code    74  stm32f4xx_spi.o(.text)
    SPI_GetCRCPolynomial                     0x0800c0e9   Thumb Code    40  stm32f4xx_spi.o(.text)
    SPI_I2S_DMACmd                           0x0800c111   Thumb Code   114  stm32f4xx_spi.o(.text)
    SPI_I2S_ITConfig                         0x0800c183   Thumb Code   138  stm32f4xx_spi.o(.text)
    SPI_I2S_GetFlagStatus                    0x0800c20d   Thumb Code   120  stm32f4xx_spi.o(.text)
    SPI_I2S_ClearFlag                        0x0800c285   Thumb Code    74  stm32f4xx_spi.o(.text)
    SPI_I2S_GetITStatus                      0x0800c2cf   Thumb Code   154  stm32f4xx_spi.o(.text)
    SPI_I2S_ClearITPendingBit                0x0800c369   Thumb Code    86  stm32f4xx_spi.o(.text)
    TIM_DeInit                               0x0800c3d1   Thumb Code   440  stm32f4xx_tim.o(.text)
    TIM_TimeBaseInit                         0x0800c589   Thumb Code   278  stm32f4xx_tim.o(.text)
    TIM_TimeBaseStructInit                   0x0800c69f   Thumb Code    18  stm32f4xx_tim.o(.text)
    TIM_PrescalerConfig                      0x0800c6b1   Thumb Code   128  stm32f4xx_tim.o(.text)
    TIM_CounterModeConfig                    0x0800c731   Thumb Code   100  stm32f4xx_tim.o(.text)
    TIM_SetCounter                           0x0800c795   Thumb Code   222  stm32f4xx_tim.o(.text)
    TIM_SetAutoreload                        0x0800c873   Thumb Code   108  stm32f4xx_tim.o(.text)
    TIM_GetCounter                           0x0800c8df   Thumb Code   106  stm32f4xx_tim.o(.text)
    TIM_GetPrescaler                         0x0800c949   Thumb Code   106  stm32f4xx_tim.o(.text)
    TIM_UpdateDisableConfig                  0x0800c9b3   Thumb Code   148  stm32f4xx_tim.o(.text)
    TIM_UpdateRequestConfig                  0x0800ca47   Thumb Code   148  stm32f4xx_tim.o(.text)
    TIM_ARRPreloadConfig                     0x0800cadb   Thumb Code   148  stm32f4xx_tim.o(.text)
    TIM_SelectOnePulseMode                   0x0800cb6f   Thumb Code   142  stm32f4xx_tim.o(.text)
    TIM_SetClockDivision                     0x0800cbfd   Thumb Code   192  stm32f4xx_tim.o(.text)
    TIM_Cmd                                  0x0800ccbd   Thumb Code   148  stm32f4xx_tim.o(.text)
    TIM_OC1Init                              0x0800cd51   Thumb Code   416  stm32f4xx_tim.o(.text)
    TIM_OC2Init                              0x0800cef1   Thumb Code   486  stm32f4xx_tim.o(.text)
    TIM_OC3Init                              0x0800d0d7   Thumb Code   416  stm32f4xx_tim.o(.text)
    TIM_OC4Init                              0x0800d277   Thumb Code   300  stm32f4xx_tim.o(.text)
    TIM_OCStructInit                         0x0800d3a3   Thumb Code    20  stm32f4xx_tim.o(.text)
    TIM_SelectOCxM                           0x0800d3b7   Thumb Code   256  stm32f4xx_tim.o(.text)
    TIM_SetCompare1                          0x0800d4b7   Thumb Code   142  stm32f4xx_tim.o(.text)
    TIM_SetCompare2                          0x0800d545   Thumb Code    72  stm32f4xx_tim.o(.text)
    TIM_SetCompare3                          0x0800d58d   Thumb Code    60  stm32f4xx_tim.o(.text)
    TIM_SetCompare4                          0x0800d5c9   Thumb Code    60  stm32f4xx_tim.o(.text)
    TIM_ForcedOC1Config                      0x0800d605   Thumb Code   130  stm32f4xx_tim.o(.text)
    TIM_ForcedOC2Config                      0x0800d687   Thumb Code   114  stm32f4xx_tim.o(.text)
    TIM_ForcedOC3Config                      0x0800d6f9   Thumb Code    94  stm32f4xx_tim.o(.text)
    TIM_ForcedOC4Config                      0x0800d757   Thumb Code   102  stm32f4xx_tim.o(.text)
    TIM_OC1PreloadConfig                     0x0800d7bd   Thumb Code   124  stm32f4xx_tim.o(.text)
    TIM_OC2PreloadConfig                     0x0800d839   Thumb Code   108  stm32f4xx_tim.o(.text)
    TIM_OC3PreloadConfig                     0x0800d8a5   Thumb Code   136  stm32f4xx_tim.o(.text)
    TIM_OC4PreloadConfig                     0x0800d92d   Thumb Code    96  stm32f4xx_tim.o(.text)
    TIM_OC1FastConfig                        0x0800d98d   Thumb Code   124  stm32f4xx_tim.o(.text)
    TIM_OC2FastConfig                        0x0800da09   Thumb Code   108  stm32f4xx_tim.o(.text)
    TIM_OC3FastConfig                        0x0800da75   Thumb Code    88  stm32f4xx_tim.o(.text)
    TIM_OC4FastConfig                        0x0800dacd   Thumb Code    96  stm32f4xx_tim.o(.text)
    TIM_ClearOC1Ref                          0x0800db2d   Thumb Code   124  stm32f4xx_tim.o(.text)
    TIM_ClearOC2Ref                          0x0800dba9   Thumb Code   106  stm32f4xx_tim.o(.text)
    TIM_ClearOC3Ref                          0x0800dc13   Thumb Code    88  stm32f4xx_tim.o(.text)
    TIM_ClearOC4Ref                          0x0800dc6b   Thumb Code    94  stm32f4xx_tim.o(.text)
    TIM_OC1PolarityConfig                    0x0800dcc9   Thumb Code   174  stm32f4xx_tim.o(.text)
    TIM_OC1NPolarityConfig                   0x0800dd77   Thumb Code    64  stm32f4xx_tim.o(.text)
    TIM_OC2PolarityConfig                    0x0800ddb7   Thumb Code   108  stm32f4xx_tim.o(.text)
    TIM_OC2NPolarityConfig                   0x0800de23   Thumb Code    72  stm32f4xx_tim.o(.text)
    TIM_OC3PolarityConfig                    0x0800de6b   Thumb Code    96  stm32f4xx_tim.o(.text)
    TIM_OC3NPolarityConfig                   0x0800decb   Thumb Code    72  stm32f4xx_tim.o(.text)
    TIM_OC4PolarityConfig                    0x0800df13   Thumb Code    96  stm32f4xx_tim.o(.text)
    TIM_CCxCmd                               0x0800df73   Thumb Code   168  stm32f4xx_tim.o(.text)
    TIM_CCxNCmd                              0x0800e01b   Thumb Code   104  stm32f4xx_tim.o(.text)
    TIM_SetIC4Prescaler                      0x0800e083   Thumb Code   106  stm32f4xx_tim.o(.text)
    TIM_SetIC3Prescaler                      0x0800e16d   Thumb Code    98  stm32f4xx_tim.o(.text)
    TIM_SetIC2Prescaler                      0x0800e217   Thumb Code   118  stm32f4xx_tim.o(.text)
    TIM_SetIC1Prescaler                      0x0800e2dd   Thumb Code   134  stm32f4xx_tim.o(.text)
    TIM_ICInit                               0x0800e39d   Thumb Code   508  stm32f4xx_tim.o(.text)
    TIM_ICStructInit                         0x0800e599   Thumb Code    18  stm32f4xx_tim.o(.text)
    TIM_PWMIConfig                           0x0800e5ab   Thumb Code   184  stm32f4xx_tim.o(.text)
    TIM_GetCapture1                          0x0800e663   Thumb Code    92  stm32f4xx_tim.o(.text)
    TIM_GetCapture2                          0x0800e6bf   Thumb Code    68  stm32f4xx_tim.o(.text)
    TIM_GetCapture3                          0x0800e703   Thumb Code    56  stm32f4xx_tim.o(.text)
    TIM_GetCapture4                          0x0800e73b   Thumb Code    56  stm32f4xx_tim.o(.text)
    TIM_BDTRConfig                           0x0800e773   Thumb Code   222  stm32f4xx_tim.o(.text)
    TIM_BDTRStructInit                       0x0800e851   Thumb Code    18  stm32f4xx_tim.o(.text)
    TIM_CtrlPWMOutputs                       0x0800e863   Thumb Code    78  stm32f4xx_tim.o(.text)
    TIM_SelectCOM                            0x0800e8b1   Thumb Code    72  stm32f4xx_tim.o(.text)
    TIM_CCPreloadControl                     0x0800e8f9   Thumb Code    72  stm32f4xx_tim.o(.text)
    TIM_ITConfig                             0x0800e941   Thumb Code   218  stm32f4xx_tim.o(.text)
    TIM_GenerateEvent                        0x0800ea1b   Thumb Code   126  stm32f4xx_tim.o(.text)
    TIM_GetFlagStatus                        0x0800ea99   Thumb Code   188  stm32f4xx_tim.o(.text)
    TIM_ClearFlag                            0x0800eb55   Thumb Code   108  stm32f4xx_tim.o(.text)
    TIM_GetITStatus                          0x0800ebc1   Thumb Code   186  stm32f4xx_tim.o(.text)
    TIM_ClearITPendingBit                    0x0800ec7b   Thumb Code   108  stm32f4xx_tim.o(.text)
    TIM_DMAConfig                            0x0800ece7   Thumb Code   334  stm32f4xx_tim.o(.text)
    TIM_DMACmd                               0x0800ee35   Thumb Code   126  stm32f4xx_tim.o(.text)
    TIM_SelectCCDMA                          0x0800eeb3   Thumb Code    96  stm32f4xx_tim.o(.text)
    TIM_InternalClockConfig                  0x0800ef13   Thumb Code    76  stm32f4xx_tim.o(.text)
    TIM_SelectInputTrigger                   0x0800ef5f   Thumb Code   148  stm32f4xx_tim.o(.text)
    TIM_ITRxExternalClockConfig              0x0800eff3   Thumb Code   110  stm32f4xx_tim.o(.text)
    TIM_TIxExternalClockConfig               0x0800f061   Thumb Code   184  stm32f4xx_tim.o(.text)
    TIM_ETRConfig                            0x0800f119   Thumb Code   164  stm32f4xx_tim.o(.text)
    TIM_ETRClockMode1Config                  0x0800f1bd   Thumb Code   228  stm32f4xx_tim.o(.text)
    TIM_ETRClockMode2Config                  0x0800f2a1   Thumb Code   152  stm32f4xx_tim.o(.text)
    TIM_SelectOutputTrigger                  0x0800f339   Thumb Code   126  stm32f4xx_tim.o(.text)
    TIM_SelectSlaveMode                      0x0800f3b7   Thumb Code   112  stm32f4xx_tim.o(.text)
    TIM_SelectMasterSlaveMode                0x0800f427   Thumb Code   102  stm32f4xx_tim.o(.text)
    TIM_EncoderInterfaceConfig               0x0800f48d   Thumb Code   226  stm32f4xx_tim.o(.text)
    TIM_SelectHallSensor                     0x0800f56f   Thumb Code   108  stm32f4xx_tim.o(.text)
    TIM_RemapConfig                          0x0800f5db   Thumb Code   138  stm32f4xx_tim.o(.text)
    USART_DeInit                             0x0800f665   Thumb Code   202  stm32f4xx_usart.o(.text)
    USART_Init                               0x0800f72f   Thumb Code   456  stm32f4xx_usart.o(.text)
    USART_StructInit                         0x0800f8f7   Thumb Code    24  stm32f4xx_usart.o(.text)
    USART_ClockInit                          0x0800f90f   Thumb Code   166  stm32f4xx_usart.o(.text)
    USART_ClockStructInit                    0x0800f9b5   Thumb Code    12  stm32f4xx_usart.o(.text)
    USART_Cmd                                0x0800f9c1   Thumb Code    96  stm32f4xx_usart.o(.text)
    USART_SetPrescaler                       0x0800fa21   Thumb Code   160  stm32f4xx_usart.o(.text)
    USART_OverSampling8Cmd                   0x0800fac1   Thumb Code    98  stm32f4xx_usart.o(.text)
    USART_OneBitMethodCmd                    0x0800fb23   Thumb Code   100  stm32f4xx_usart.o(.text)
    USART_SendData                           0x0800fb87   Thumb Code    84  stm32f4xx_usart.o(.text)
    USART_ReceiveData                        0x0800fbdb   Thumb Code    62  stm32f4xx_usart.o(.text)
    USART_SetAddress                         0x0800fc19   Thumb Code    92  stm32f4xx_usart.o(.text)
    USART_ReceiverWakeUpCmd                  0x0800fc75   Thumb Code   100  stm32f4xx_usart.o(.text)
    USART_WakeUpConfig                       0x0800fcd9   Thumb Code    96  stm32f4xx_usart.o(.text)
    USART_LINBreakDetectLengthConfig         0x0800fd39   Thumb Code    94  stm32f4xx_usart.o(.text)
    USART_LINCmd                             0x0800fd97   Thumb Code   100  stm32f4xx_usart.o(.text)
    USART_SendBreak                          0x0800fdfb   Thumb Code    64  stm32f4xx_usart.o(.text)
    USART_HalfDuplexCmd                      0x0800fe3b   Thumb Code   100  stm32f4xx_usart.o(.text)
    USART_SetGuardTime                       0x0800fe9f   Thumb Code    86  stm32f4xx_usart.o(.text)
    USART_SmartCardCmd                       0x0800fef5   Thumb Code    88  stm32f4xx_usart.o(.text)
    USART_SmartCardNACKCmd                   0x0800ff4d   Thumb Code    88  stm32f4xx_usart.o(.text)
    USART_IrDAConfig                         0x0800ffa5   Thumb Code    94  stm32f4xx_usart.o(.text)
    USART_IrDACmd                            0x08010003   Thumb Code   100  stm32f4xx_usart.o(.text)
    USART_DMACmd                             0x08010067   Thumb Code   120  stm32f4xx_usart.o(.text)
    USART_ITConfig                           0x080100df   Thumb Code   268  stm32f4xx_usart.o(.text)
    USART_GetFlagStatus                      0x080101eb   Thumb Code   176  stm32f4xx_usart.o(.text)
    USART_ClearFlag                          0x0801029b   Thumb Code   160  stm32f4xx_usart.o(.text)
    USART_GetITStatus                        0x0801033b   Thumb Code   284  stm32f4xx_usart.o(.text)
    USART_ClearITPendingBit                  0x08010457   Thumb Code   170  stm32f4xx_usart.o(.text)
    SystemInit                               0x080105f5   Thumb Code    88  system_stm32f4xx.o(.text)
    SystemCoreClockUpdate                    0x0801064d   Thumb Code   174  system_stm32f4xx.o(.text)
    Reset_Handler                            0x08010729   Thumb Code     8  startup_stm32f4xx.o(.text)
    HardFault_Handler                        0x08010733   Thumb Code     2  startup_stm32f4xx.o(.text)
    PendSV_Handler                           0x0801073f   Thumb Code     2  startup_stm32f4xx.o(.text)
    ADC_IRQHandler                           0x08010743   Thumb Code     0  startup_stm32f4xx.o(.text)
    CAN1_RX0_IRQHandler                      0x08010743   Thumb Code     0  startup_stm32f4xx.o(.text)
    CAN1_RX1_IRQHandler                      0x08010743   Thumb Code     0  startup_stm32f4xx.o(.text)
    CAN1_SCE_IRQHandler                      0x08010743   Thumb Code     0  startup_stm32f4xx.o(.text)
    CAN1_TX_IRQHandler                       0x08010743   Thumb Code     0  startup_stm32f4xx.o(.text)
    CAN2_RX0_IRQHandler                      0x08010743   Thumb Code     0  startup_stm32f4xx.o(.text)
    CAN2_RX1_IRQHandler                      0x08010743   Thumb Code     0  startup_stm32f4xx.o(.text)
    CAN2_SCE_IRQHandler                      0x08010743   Thumb Code     0  startup_stm32f4xx.o(.text)
    CAN2_TX_IRQHandler                       0x08010743   Thumb Code     0  startup_stm32f4xx.o(.text)
    CRYP_IRQHandler                          0x08010743   Thumb Code     0  startup_stm32f4xx.o(.text)
    DCMI_IRQHandler                          0x08010743   Thumb Code     0  startup_stm32f4xx.o(.text)
    DMA1_Stream0_IRQHandler                  0x08010743   Thumb Code     0  startup_stm32f4xx.o(.text)
    DMA1_Stream1_IRQHandler                  0x08010743   Thumb Code     0  startup_stm32f4xx.o(.text)
    DMA1_Stream2_IRQHandler                  0x08010743   Thumb Code     0  startup_stm32f4xx.o(.text)
    DMA1_Stream3_IRQHandler                  0x08010743   Thumb Code     0  startup_stm32f4xx.o(.text)
    DMA1_Stream4_IRQHandler                  0x08010743   Thumb Code     0  startup_stm32f4xx.o(.text)
    DMA1_Stream5_IRQHandler                  0x08010743   Thumb Code     0  startup_stm32f4xx.o(.text)
    DMA1_Stream6_IRQHandler                  0x08010743   Thumb Code     0  startup_stm32f4xx.o(.text)
    DMA1_Stream7_IRQHandler                  0x08010743   Thumb Code     0  startup_stm32f4xx.o(.text)
    DMA2_Stream0_IRQHandler                  0x08010743   Thumb Code     0  startup_stm32f4xx.o(.text)
    DMA2_Stream1_IRQHandler                  0x08010743   Thumb Code     0  startup_stm32f4xx.o(.text)
    DMA2_Stream2_IRQHandler                  0x08010743   Thumb Code     0  startup_stm32f4xx.o(.text)
    DMA2_Stream3_IRQHandler                  0x08010743   Thumb Code     0  startup_stm32f4xx.o(.text)
    DMA2_Stream4_IRQHandler                  0x08010743   Thumb Code     0  startup_stm32f4xx.o(.text)
    DMA2_Stream5_IRQHandler                  0x08010743   Thumb Code     0  startup_stm32f4xx.o(.text)
    DMA2_Stream6_IRQHandler                  0x08010743   Thumb Code     0  startup_stm32f4xx.o(.text)
    DMA2_Stream7_IRQHandler                  0x08010743   Thumb Code     0  startup_stm32f4xx.o(.text)
    ETH_IRQHandler                           0x08010743   Thumb Code     0  startup_stm32f4xx.o(.text)
    ETH_WKUP_IRQHandler                      0x08010743   Thumb Code     0  startup_stm32f4xx.o(.text)
    EXTI0_IRQHandler                         0x08010743   Thumb Code     0  startup_stm32f4xx.o(.text)
    EXTI15_10_IRQHandler                     0x08010743   Thumb Code     0  startup_stm32f4xx.o(.text)
    EXTI1_IRQHandler                         0x08010743   Thumb Code     0  startup_stm32f4xx.o(.text)
    EXTI2_IRQHandler                         0x08010743   Thumb Code     0  startup_stm32f4xx.o(.text)
    EXTI3_IRQHandler                         0x08010743   Thumb Code     0  startup_stm32f4xx.o(.text)
    EXTI4_IRQHandler                         0x08010743   Thumb Code     0  startup_stm32f4xx.o(.text)
    EXTI9_5_IRQHandler                       0x08010743   Thumb Code     0  startup_stm32f4xx.o(.text)
    FLASH_IRQHandler                         0x08010743   Thumb Code     0  startup_stm32f4xx.o(.text)
    FPU_IRQHandler                           0x08010743   Thumb Code     0  startup_stm32f4xx.o(.text)
    FSMC_IRQHandler                          0x08010743   Thumb Code     0  startup_stm32f4xx.o(.text)
    HASH_RNG_IRQHandler                      0x08010743   Thumb Code     0  startup_stm32f4xx.o(.text)
    I2C1_ER_IRQHandler                       0x08010743   Thumb Code     0  startup_stm32f4xx.o(.text)
    I2C1_EV_IRQHandler                       0x08010743   Thumb Code     0  startup_stm32f4xx.o(.text)
    I2C2_ER_IRQHandler                       0x08010743   Thumb Code     0  startup_stm32f4xx.o(.text)
    I2C2_EV_IRQHandler                       0x08010743   Thumb Code     0  startup_stm32f4xx.o(.text)
    I2C3_ER_IRQHandler                       0x08010743   Thumb Code     0  startup_stm32f4xx.o(.text)
    I2C3_EV_IRQHandler                       0x08010743   Thumb Code     0  startup_stm32f4xx.o(.text)
    OTG_FS_WKUP_IRQHandler                   0x08010743   Thumb Code     0  startup_stm32f4xx.o(.text)
    OTG_HS_EP1_IN_IRQHandler                 0x08010743   Thumb Code     0  startup_stm32f4xx.o(.text)
    OTG_HS_EP1_OUT_IRQHandler                0x08010743   Thumb Code     0  startup_stm32f4xx.o(.text)
    OTG_HS_IRQHandler                        0x08010743   Thumb Code     0  startup_stm32f4xx.o(.text)
    OTG_HS_WKUP_IRQHandler                   0x08010743   Thumb Code     0  startup_stm32f4xx.o(.text)
    PVD_IRQHandler                           0x08010743   Thumb Code     0  startup_stm32f4xx.o(.text)
    RCC_IRQHandler                           0x08010743   Thumb Code     0  startup_stm32f4xx.o(.text)
    RTC_Alarm_IRQHandler                     0x08010743   Thumb Code     0  startup_stm32f4xx.o(.text)
    RTC_WKUP_IRQHandler                      0x08010743   Thumb Code     0  startup_stm32f4xx.o(.text)
    SDIO_IRQHandler                          0x08010743   Thumb Code     0  startup_stm32f4xx.o(.text)
    SPI1_IRQHandler                          0x08010743   Thumb Code     0  startup_stm32f4xx.o(.text)
    SPI2_IRQHandler                          0x08010743   Thumb Code     0  startup_stm32f4xx.o(.text)
    SPI3_IRQHandler                          0x08010743   Thumb Code     0  startup_stm32f4xx.o(.text)
    TAMP_STAMP_IRQHandler                    0x08010743   Thumb Code     0  startup_stm32f4xx.o(.text)
    TIM1_BRK_TIM9_IRQHandler                 0x08010743   Thumb Code     0  startup_stm32f4xx.o(.text)
    TIM1_CC_IRQHandler                       0x08010743   Thumb Code     0  startup_stm32f4xx.o(.text)
    TIM1_TRG_COM_TIM11_IRQHandler            0x08010743   Thumb Code     0  startup_stm32f4xx.o(.text)
    TIM1_UP_TIM10_IRQHandler                 0x08010743   Thumb Code     0  startup_stm32f4xx.o(.text)
    TIM2_IRQHandler                          0x08010743   Thumb Code     0  startup_stm32f4xx.o(.text)
    TIM5_IRQHandler                          0x08010743   Thumb Code     0  startup_stm32f4xx.o(.text)
    TIM6_DAC_IRQHandler                      0x08010743   Thumb Code     0  startup_stm32f4xx.o(.text)
    TIM7_IRQHandler                          0x08010743   Thumb Code     0  startup_stm32f4xx.o(.text)
    TIM8_BRK_TIM12_IRQHandler                0x08010743   Thumb Code     0  startup_stm32f4xx.o(.text)
    TIM8_CC_IRQHandler                       0x08010743   Thumb Code     0  startup_stm32f4xx.o(.text)
    TIM8_TRG_COM_TIM14_IRQHandler            0x08010743   Thumb Code     0  startup_stm32f4xx.o(.text)
    TIM8_UP_TIM13_IRQHandler                 0x08010743   Thumb Code     0  startup_stm32f4xx.o(.text)
    UART4_IRQHandler                         0x08010743   Thumb Code     0  startup_stm32f4xx.o(.text)
    USART1_IRQHandler                        0x08010743   Thumb Code     0  startup_stm32f4xx.o(.text)
    USART3_IRQHandler                        0x08010743   Thumb Code     0  startup_stm32f4xx.o(.text)
    USART6_IRQHandler                        0x08010743   Thumb Code     0  startup_stm32f4xx.o(.text)
    WWDG_IRQHandler                          0x08010743   Thumb Code     0  startup_stm32f4xx.o(.text)
    usbd_init                                0x0801074d   Thumb Code    22  usbd_core.o(.text)
    usbd_connect                             0x08010763   Thumb Code    12  usbd_core.o(.text)
    usbd_reset_core                          0x0801076f   Thumb Code    38  usbd_core.o(.text)
    usbd_configured                          0x08010795   Thumb Code    14  usbd_core.o(.text)
    USBD_SetupStage                          0x080107a3   Thumb Code    12  usbd_core.o(.text)
    USBD_DataInStage                         0x080107af   Thumb Code    66  usbd_core.o(.text)
    USBD_DataOutStage                        0x080107f1   Thumb Code    34  usbd_core.o(.text)
    USBD_StatusInStage                       0x08010813   Thumb Code    14  usbd_core.o(.text)
    USBD_StatusOutStage                      0x08010821   Thumb Code    12  usbd_core.o(.text)
    USBD_ReqGetStatus                        0x0801082d   Thumb Code   160  usbd_core.o(.text)
    USBD_ReqSetClrFeature                    0x080108cd   Thumb Code   216  usbd_core.o(.text)
    USBD_ReqGetDescriptor                    0x080109a5   Thumb Code   496  usbd_core.o(.text)
    USBD_ReqGetConfiguration                 0x08010b95   Thumb Code    28  usbd_core.o(.text)
    USBD_ReqSetConfiguration                 0x08010bb1   Thumb Code   432  usbd_core.o(.text)
    USBD_ReqGetInterface                     0x08010d61   Thumb Code    60  usbd_core.o(.text)
    USBD_ReqSetInterface                     0x08010d9d   Thumb Code   308  usbd_core.o(.text)
    USBD_EndPoint0                           0x08010ed1   Thumb Code   682  usbd_core.o(.text)
    USBD_ReqGetDescriptor_HID                0x08011195   Thumb Code   132  usbd_core_hid.o(.text)
    USBD_EndPoint0_Setup_HID_ReqToIF         0x08011219   Thumb Code   200  usbd_core_hid.o(.text)
    USBD_EndPoint0_Out_HID_ReqToIF           0x080112e1   Thumb Code    44  usbd_core_hid.o(.text)
    usbd_hid_init                            0x08011345   Thumb Code     2  usbd_hid.o(.text)
    usbd_hid_get_protocol                    0x08011355   Thumb Code     4  usbd_hid.o(.text)
    usbd_hid_set_protocol                    0x08011359   Thumb Code     2  usbd_hid.o(.text)
    USBD_HID_GetReport                       0x0801135b   Thumb Code    54  usbd_hid.o(.text)
    USBD_HID_SetReport                       0x08011391   Thumb Code    58  usbd_hid.o(.text)
    USBD_HID_GetIdle                         0x080113cb   Thumb Code    16  usbd_hid.o(.text)
    USBD_HID_SetIdle                         0x080113db   Thumb Code    48  usbd_hid.o(.text)
    USBD_HID_GetProtocol                     0x0801140b   Thumb Code    14  usbd_hid.o(.text)
    USBD_HID_SetProtocol                     0x08011419   Thumb Code    14  usbd_hid.o(.text)
    USBD_HID_EP_INTIN_Event                  0x08011427   Thumb Code   422  usbd_hid.o(.text)
    USBD_HID_EP_INTOUT_Event                 0x080115cd   Thumb Code   148  usbd_hid.o(.text)
    USBD_HID_Configure_Event                 0x08011661   Thumb Code    48  usbd_hid.o(.text)
    USBD_HID_EP_INT_Event                    0x08011691   Thumb Code    30  usbd_hid.o(.text)
    USBD_HID_SOF_Event                       0x080116af   Thumb Code   460  usbd_hid.o(.text)
    usbd_hid_get_report_trigger              0x0801187b   Thumb Code   148  usbd_hid.o(.text)
    disk_status                              0x08011949   Thumb Code    24  diskio.o(.text)
    disk_initialize                          0x08011961   Thumb Code    34  diskio.o(.text)
    disk_read                                0x08011983   Thumb Code    56  diskio.o(.text)
    disk_write                               0x080119bb   Thumb Code    56  diskio.o(.text)
    disk_ioctl                               0x080119f3   Thumb Code    60  diskio.o(.text)
    get_fattime                              0x08011a2f   Thumb Code     4  diskio.o(.text)
    clust2sect                               0x08011bef   Thumb Code    26  ff.o(.text)
    get_fat                                  0x08011c09   Thumb Code   318  ff.o(.text)
    put_fat                                  0x08011d47   Thumb Code   392  ff.o(.text)
    f_mount                                  0x08012b4d   Thumb Code    86  ff.o(.text)
    f_open                                   0x08012ba3   Thumb Code   356  ff.o(.text)
    f_read                                   0x08012d07   Thumb Code   498  ff.o(.text)
    f_write                                  0x08012ef9   Thumb Code   540  ff.o(.text)
    f_sync                                   0x08013115   Thumb Code   176  ff.o(.text)
    f_close                                  0x080131c5   Thumb Code    32  ff.o(.text)
    f_lseek                                  0x080131e5   Thumb Code   726  ff.o(.text)
    f_opendir                                0x080134bb   Thumb Code   110  ff.o(.text)
    f_closedir                               0x08013529   Thumb Code    22  ff.o(.text)
    f_readdir                                0x0801353f   Thumb Code    88  ff.o(.text)
    f_stat                                   0x08013597   Thumb Code    60  ff.o(.text)
    f_getfree                                0x080135d3   Thumb Code   258  ff.o(.text)
    f_truncate                               0x080136d5   Thumb Code   184  ff.o(.text)
    f_unlink                                 0x0801378d   Thumb Code   166  ff.o(.text)
    f_mkdir                                  0x08013833   Thumb Code   352  ff.o(.text)
    f_chmod                                  0x08013993   Thumb Code    84  ff.o(.text)
    f_rename                                 0x080139e7   Thumb Code   258  ff.o(.text)
    f_utime                                  0x08013ae9   Thumb Code    86  ff.o(.text)
    f_mkfs                                   0x08013b3f   Thumb Code  1624  ff.o(.text)
    __aeabi_memcpy                           0x080141c5   Thumb Code    36  memcpya.o(.text)
    __aeabi_memcpy4                          0x080141c5   Thumb Code     0  memcpya.o(.text)
    __aeabi_memcpy8                          0x080141c5   Thumb Code     0  memcpya.o(.text)
    __aeabi_memset                           0x080141e9   Thumb Code    14  memseta.o(.text)
    __aeabi_memset4                          0x080141e9   Thumb Code     0  memseta.o(.text)
    __aeabi_memset8                          0x080141e9   Thumb Code     0  memseta.o(.text)
    __aeabi_memclr                           0x080141f7   Thumb Code     4  memseta.o(.text)
    __aeabi_memclr4                          0x080141f7   Thumb Code     0  memseta.o(.text)
    __aeabi_memclr8                          0x080141f7   Thumb Code     0  memseta.o(.text)
    _memset$wrapper                          0x080141fb   Thumb Code    18  memseta.o(.text)
    strlen                                   0x0801420d   Thumb Code    14  strlen.o(.text)
    __aeabi_dadd                             0x0801421b   Thumb Code   322  dadd.o(.text)
    __aeabi_dsub                             0x0801435d   Thumb Code     6  dadd.o(.text)
    __aeabi_drsub                            0x08014363   Thumb Code     6  dadd.o(.text)
    __aeabi_dmul                             0x08014369   Thumb Code   228  dmul.o(.text)
    __aeabi_ddiv                             0x0801444d   Thumb Code   222  ddiv.o(.text)
    __aeabi_i2d                              0x0801452b   Thumb Code    34  dflti.o(.text)
    __aeabi_ui2d                             0x0801454d   Thumb Code    26  dfltui.o(.text)
    __aeabi_f2d                              0x08014567   Thumb Code    38  f2d.o(.text)
    __aeabi_cdcmpeq                          0x0801458d   Thumb Code     0  cdcmple.o(.text)
    __aeabi_cdcmple                          0x0801458d   Thumb Code    48  cdcmple.o(.text)
    __aeabi_cdrcmple                         0x080145bd   Thumb Code    48  cdrcmple.o(.text)
    __aeabi_d2f                              0x080145ed   Thumb Code    56  d2f.o(.text)
    __aeabi_llsl                             0x08014625   Thumb Code    30  llshl.o(.text)
    _ll_shift_l                              0x08014625   Thumb Code     0  llshl.o(.text)
    __aeabi_lasr                             0x08014643   Thumb Code    36  llsshr.o(.text)
    _ll_sshift_r                             0x08014643   Thumb Code     0  llsshr.o(.text)
    __I$use$fp                               0x08014667   Thumb Code     0  iusefp.o(.text)
    _float_round                             0x08014667   Thumb Code    18  fepilogue.o(.text)
    _float_epilogue                          0x08014679   Thumb Code    92  fepilogue.o(.text)
    _double_round                            0x080146d5   Thumb Code    30  depilogue.o(.text)
    _double_epilogue                         0x080146f3   Thumb Code   156  depilogue.o(.text)
    __scatterload                            0x08014791   Thumb Code    28  init.o(.text)
    __scatterload_rt2                        0x08014791   Thumb Code     0  init.o(.text)
    __aeabi_llsr                             0x080147b5   Thumb Code    32  llushr.o(.text)
    _ll_ushift_r                             0x080147b5   Thumb Code     0  llushr.o(.text)
    _dsqrt                                   0x080147d5   Thumb Code   162  dsqrt.o(.text)
    __decompress                             0x08014877   Thumb Code     0  __dczerorl2.o(.text)
    __decompress1                            0x08014877   Thumb Code    86  __dczerorl2.o(.text)
    __ARM_fpclassify                         0x080148cd   Thumb Code    48  fpclassify.o(i.__ARM_fpclassify)
    __hardfp_asin                            0x08014901   Thumb Code   770  asin.o(i.__hardfp_asin)
    __kernel_poly                            0x08014c61   Thumb Code   248  poly.o(i.__kernel_poly)
    __mathlib_dbl_infnan                     0x08014d59   Thumb Code    20  dunder.o(i.__mathlib_dbl_infnan)
    __mathlib_dbl_invalid                    0x08014d71   Thumb Code    24  dunder.o(i.__mathlib_dbl_invalid)
    __mathlib_dbl_underflow                  0x08014d91   Thumb Code    24  dunder.o(i.__mathlib_dbl_underflow)
    __scatterload_copy                       0x08014db1   Thumb Code    14  handlers.o(i.__scatterload_copy)
    __scatterload_null                       0x08014dbf   Thumb Code     2  handlers.o(i.__scatterload_null)
    __scatterload_zeroinit                   0x08014dc1   Thumb Code    14  handlers.o(i.__scatterload_zeroinit)
    __set_errno                              0x08014dd1   Thumb Code     6  errno.o(i.__set_errno)
    fabs                                     0x08014ddd   Thumb Code    24  fabs.o(i.fabs)
    sqrt                                     0x08014df5   Thumb Code   110  sqrt.o(i.sqrt)
    usbd_power                               0x08014e64   Data           1  usb_config.o(.constdata)
    usbd_hs_enable                           0x08014e65   Data           1  usb_config.o(.constdata)
    usbd_if_num                              0x08014e66   Data           2  usb_config.o(.constdata)
    usbd_ep_num                              0x08014e68   Data           1  usb_config.o(.constdata)
    usbd_max_packet0                         0x08014e69   Data           1  usb_config.o(.constdata)
    usbd_hid_if_num                          0x08014e6a   Data           1  usb_config.o(.constdata)
    usbd_hid_ep_intin                        0x08014e6b   Data           1  usb_config.o(.constdata)
    usbd_hid_ep_intout                       0x08014e6c   Data           1  usb_config.o(.constdata)
    usbd_hid_interval                        0x08014e6e   Data           4  usb_config.o(.constdata)
    usbd_hid_maxpacketsize                   0x08014e72   Data           4  usb_config.o(.constdata)
    usbd_hid_inreport_num                    0x08014e76   Data           1  usb_config.o(.constdata)
    usbd_hid_outreport_num                   0x08014e77   Data           1  usb_config.o(.constdata)
    usbd_hid_inreport_max_sz                 0x08014e78   Data           2  usb_config.o(.constdata)
    usbd_hid_outreport_max_sz                0x08014e7a   Data           2  usb_config.o(.constdata)
    usbd_hid_featreport_max_sz               0x08014e7c   Data           2  usb_config.o(.constdata)
    USBD_P_Power_Event                       0x08014e80   Data           4  usb_config.o(.constdata)
    USBD_P_Reset_Event                       0x08014e84   Data           4  usb_config.o(.constdata)
    USBD_P_Suspend_Event                     0x08014e88   Data           4  usb_config.o(.constdata)
    USBD_P_Resume_Event                      0x08014e8c   Data           4  usb_config.o(.constdata)
    USBD_P_WakeUp_Event                      0x08014e90   Data           4  usb_config.o(.constdata)
    USBD_P_SOF_Event                         0x08014e94   Data           4  usb_config.o(.constdata)
    USBD_P_Error_Event                       0x08014e98   Data           4  usb_config.o(.constdata)
    USBD_P_EP                                0x08014e9c   Data          64  usb_config.o(.constdata)
    USBD_P_Configure_Event                   0x08014edc   Data           4  usb_config.o(.constdata)
    USBD_P_Interface_Event                   0x08014ee0   Data           4  usb_config.o(.constdata)
    USBD_P_Feature_Event                     0x08014ee4   Data           4  usb_config.o(.constdata)
    __rtx                                    0x08014ee8   Data           4  usb_config.o(.constdata)
    USBD_HID_ReportDescriptor                0x08014eec   Data          33  usb_config.o(.constdata)
    USBD_HID_ReportDescriptorSize            0x08014f0e   Data           2  usb_config.o(.constdata)
    USBD_HID_DescriptorOffset                0x08014f10   Data           2  usb_config.o(.constdata)
    USBD_DeviceDescriptor                    0x08014f12   Data          18  usb_config.o(.constdata)
    USBD_DeviceQualifier                     0x08014f24   Data           1  usb_config.o(.constdata)
    USBD_DeviceQualifier_HS                  0x08014f25   Data           1  usb_config.o(.constdata)
    USBD_ConfigDescriptor                    0x08014f26   Data          42  usb_config.o(.constdata)
    USBD_ConfigDescriptor_HS                 0x08014f50   Data           1  usb_config.o(.constdata)
    USBD_OtherSpeedConfigDescriptor          0x08014f51   Data           1  usb_config.o(.constdata)
    USBD_OtherSpeedConfigDescriptor_HS       0x08014f52   Data           1  usb_config.o(.constdata)
    USBD_StringDescriptor                    0x08014f54   Data         128  usb_config.o(.constdata)
    Region$$Table$$Base                      0x08015050   Number         0  anon$$obj.o(Region$$Table)
    Region$$Table$$Limit                     0x08015070   Number         0  anon$$obj.o(Region$$Table)
    Init_Finish                              0x20000000   Data           1  main.o(.data)
    loop_cnt                                 0x20000002   Data           2  scheduler.o(.data)
    flash_init_error                         0x20000004   Data           1  parameter.o(.data)
    thr_value                                0x20000008   Data           4  ctrl.o(.data)
    Thr_Low                                  0x2000000c   Data           1  ctrl.o(.data)
    Thr_Weight                               0x20000010   Data           4  ctrl.o(.data)
    t                                        0x20000014   Data           2  ctrl.o(.data)
    L_PWM                                    0x20000016   Data           2  ctrl.o(.data)
    R_PWM                                    0x20000018   Data           2  ctrl.o(.data)
    T_PWM                                    0x2000001a   Data           2  ctrl.o(.data)
    L_Mid                                    0x2000001c   Data           2  ctrl.o(.data)
    R_Mid                                    0x2000001e   Data           2  ctrl.o(.data)
    T_Mid                                    0x20000020   Data           2  ctrl.o(.data)
    CL_Zero                                  0x20000022   Data           2  ctrl.o(.data)
    CR_Zero                                  0x20000024   Data           2  ctrl.o(.data)
    L_Zero                                   0x20000026   Data           2  ctrl.o(.data)
    R_Zero                                   0x20000028   Data           2  ctrl.o(.data)
    T_Zero                                   0x2000002a   Data           2  ctrl.o(.data)
    UpLimit                                  0x2000002c   Data           2  ctrl.o(.data)
    DownLimit                                0x2000002e   Data           2  ctrl.o(.data)
    A                                        0x20000030   Data           2  ctrl.o(.data)
    period                                   0x20000038   Data           8  ctrl.o(.data)
    turnlr                                   0x20000040   Data           4  ctrl.o(.data)
    tailud                                   0x20000044   Data           4  ctrl.o(.data)
    offset                                   0x20000048   Data           4  ctrl.o(.data)
    hehe                                     0x2000004c   Data           2  ctrl.o(.data)
    t_period                                 0x20000050   Data           8  ctrl.o(.data)
    agl0                                     0x20000058   Data           4  ctrl.o(.data)
    agl_init                                 0x2000005c   Data           4  ctrl.o(.data)
    servo_out                                0x20000060   Data           8  ctrl.o(.data)
    Roll                                     0x20000070   Data           4  imu.o(.data)
    Pitch                                    0x20000074   Data           4  imu.o(.data)
    Yaw                                      0x20000078   Data           4  imu.o(.data)
    ref_q                                    0x2000007c   Data          16  imu.o(.data)
    norm_acc                                 0x2000008c   Data           4  imu.o(.data)
    norm_q                                   0x20000090   Data           4  imu.o(.data)
    norm_acc_lpf                             0x20000094   Data           4  imu.o(.data)
    mag_norm                                 0x20000098   Data           4  imu.o(.data)
    mag_norm_xyz                             0x2000009c   Data           4  imu.o(.data)
    fast_atan_table                          0x200000a8   Data        1028  mymath.o(.data)
    checkdata_to_send                        0x200004ac   Data           1  data_transfer.o(.data)
    checksum_to_send                         0x200004ad   Data           1  data_transfer.o(.data)
    flash_save_en_cnt                        0x200004ae   Data           2  data_transfer.o(.data)
    CH_in_Mapping                            0x200004c0   Data           8  rc.o(.data)
    NS                                       0x200004c8   Data           1  rc.o(.data)
    CH_Error                                 0x200004c9   Data           8  rc.o(.data)
    NS_cnt                                   0x200004d2   Data           2  rc.o(.data)
    MAX_CH                                   0x200004d4   Data          16  rc.o(.data)
    MIN_CH                                   0x200004e4   Data          16  rc.o(.data)
    CH_DIR                                   0x200004f4   Data           8  rc.o(.data)
    filter_A                                 0x200004fc   Data           4  rc.o(.data)
    fly_ready                                0x20000500   Data           1  rc.o(.data)
    ready_cnt                                0x20000502   Data           2  rc.o(.data)
    height_ctrl_mode                         0x20000504   Data           1  rc.o(.data)
    USBD_AltSetting                          0x20000506   Data           1  usb_config.o(.data)
    USBD_HID_PollingCnt                      0x20000508   Data           2  usb_config.o(.data)
    USBD_HID_IdleCnt                         0x2000050a   Data           1  usb_config.o(.data)
    USBD_HID_IdleReload                      0x2000050b   Data           1  usb_config.o(.data)
    USBD_HID_IdleSet                         0x2000050c   Data           1  usb_config.o(.data)
    USBD_HID_FeatReport                      0x2000050d   Data           2  usb_config.o(.data)
    HID_SEND_TIMEOUT                         0x2000050f   Data           1  usbd_user_hid.o(.data)
    hid_datatemp_begin                       0x20000510   Data           1  usbd_user_hid.o(.data)
    hid_datatemp_end                         0x20000511   Data           1  usbd_user_hid.o(.data)
    med_filter_out                           0x20000514   Data           8  filter.o(.data)
    med_fil_cnt                              0x2000051c   Data           2  filter.o(.data)
    baro_speed                               0x20000528   Data           4  height_ctrl.o(.data)
    height_ctrl_out                          0x2000052c   Data           4  height_ctrl.o(.data)
    wz_acc                                   0x20000530   Data           4  height_ctrl.o(.data)
    baro_cnt                                 0x20000534   Data           4  height_ctrl.o(.data)
    wz_speed                                 0x20000538   Data           4  height_ctrl.o(.data)
    wz_speed_old                             0x2000053c   Data           4  height_ctrl.o(.data)
    wz_acc_mms2                              0x20000540   Data           4  height_ctrl.o(.data)
    baro_ctrl_start                          0x20000544   Data           1  height_ctrl.o(.data)
    baro_height                              0x20000548   Data           4  height_ctrl.o(.data)
    baro_height_old                          0x2000054c   Data           4  height_ctrl.o(.data)
    baro_measure                             0x20000550   Data           4  height_ctrl.o(.data)
    exp_height_speed                         0x20000554   Data           4  height_ctrl.o(.data)
    exp_height                               0x20000558   Data           4  height_ctrl.o(.data)
    ultra_speed                              0x2000055c   Data           4  height_ctrl.o(.data)
    ultra_dis_lpf                            0x20000560   Data           4  height_ctrl.o(.data)
    ultra_ctrl_out                           0x20000564   Data           4  height_ctrl.o(.data)
    sysTickUptime                            0x20000588   Data           4  time.o(.data)
    time_1h                                  0x2000058c   Data           4  time.o(.data)
    time_1m                                  0x20000590   Data           4  time.o(.data)
    time_1s                                  0x20000594   Data           4  time.o(.data)
    time_1ms                                 0x20000598   Data           4  time.o(.data)
    CH_out_Mapping                           0x200005bc   Data           4  pwm_out.o(.data)
    I2C_FastMode                             0x200005c0   Data           1  i2c_soft.o(.data)
    mpu6050_ok                               0x200005c4   Data           1  mpu6050.o(.data)
    acc_sum_cnt                              0x200005c6   Data           2  mpu6050.o(.data)
    gyro_sum_cnt                             0x200005c8   Data           2  mpu6050.o(.data)
    filter_cnt                               0x200005ca   Data           1  mpu6050.o(.data)
    filter_cnt_old                           0x200005cb   Data           1  mpu6050.o(.data)
    test_ang                                 0x200005cc   Data           4  mpu6050.o(.data)
    test_ang_old                             0x200005d0   Data           4  mpu6050.o(.data)
    test_ang_d                               0x200005d4   Data           4  mpu6050.o(.data)
    test_fli_a                               0x200005d8   Data           4  mpu6050.o(.data)
    test_i                                   0x200005dc   Data           4  mpu6050.o(.data)
    ak8975                                   0x200005e0   Data          44  ak8975.o(.data)
    ak8975_ok                                0x2000060c   Data           1  ak8975.o(.data)
    Mag_CALIBRATED                           0x2000060d   Data           1  ak8975.o(.data)
    LED_Brightness                           0x2000062a   Data           4  led.o(.data)
    LED_status                               0x2000062e   Data           2  led.o(.data)
    baroAlt                                  0x20000638   Data           4  ms5611.o(.data)
    baroAltOld                               0x2000063c   Data           4  ms5611.o(.data)
    baro_alt_speed                           0x20000640   Data           4  ms5611.o(.data)
    baro_Offset                              0x20000644   Data           4  ms5611.o(.data)
    ms5611_ut                                0x20000648   Data           4  ms5611.o(.data)
    ms5611_up                                0x2000064c   Data           4  ms5611.o(.data)
    t_rxbuf                                  0x20000650   Data           3  ms5611.o(.data)
    p_rxbuf                                  0x20000653   Data           3  ms5611.o(.data)
    ms5611_ok                                0x20000656   Data           1  ms5611.o(.data)
    temperature_5611                         0x20000658   Data           4  ms5611.o(.data)
    TxCounter                                0x20000662   Data           1  usart.o(.data)
    count                                    0x20000663   Data           1  usart.o(.data)
    Tx5Counter                               0x20000664   Data           1  usart.o(.data)
    count5                                   0x20000665   Data           1  usart.o(.data)
    OutMaxPacketSize                         0x20000668   Data          16  usbd_stm32f4xx_fs.o(.data)
    InPacketDataPtr                          0x20000678   Data          16  usbd_stm32f4xx_fs.o(.data)
    InPacketDataReady                        0x20000688   Data           4  usbd_stm32f4xx_fs.o(.data)
    SyncWriteEP                              0x2000068c   Data           4  usbd_stm32f4xx_fs.o(.data)
    IsoOutTokenRead                          0x20000690   Data           4  usbd_stm32f4xx_fs.o(.data)
    ultra_start_f                            0x20000698   Data           1  ultrasonic.o(.data)
    ultra_time                               0x20000699   Data           1  ultrasonic.o(.data)
    ultra_ok                                 0x2000069a   Data           1  ultrasonic.o(.data)
    ultra_distance                           0x2000069c   Data           2  ultrasonic.o(.data)
    ultra_distance_old                       0x2000069e   Data           2  ultrasonic.o(.data)
    ultra_delta                              0x200006a0   Data           2  ultrasonic.o(.data)
    SystemCoreClock                          0x200006b4   Data           4  system_stm32f4xx.o(.data)
    AHBPrescTable                            0x200006b8   Data          16  system_stm32f4xx.o(.data)
    USBD_DeviceStatus                        0x200006c8   Data           2  usbd_core.o(.data)
    USBD_DeviceAddress                       0x200006ca   Data           1  usbd_core.o(.data)
    USBD_Configuration                       0x200006cb   Data           1  usbd_core.o(.data)
    USBD_EndPointMask                        0x200006cc   Data           4  usbd_core.o(.data)
    USBD_EndPointHalt                        0x200006d0   Data           4  usbd_core.o(.data)
    USBD_EndPointStall                       0x200006d4   Data           4  usbd_core.o(.data)
    USBD_NumInterfaces                       0x200006d8   Data           1  usbd_core.o(.data)
    USBD_HighSpeed                           0x200006d9   Data           1  usbd_core.o(.data)
    USBD_ZLP                                 0x200006da   Data           1  usbd_core.o(.data)
    USBD_EP0Data                             0x200006dc   Data           8  usbd_core.o(.data)
    USBD_SetupPacket                         0x200006e4   Data           8  usbd_core.o(.data)
    USBD_HID_Protocol                        0x200006ec   Data           1  usbd_hid.o(.data)
    DataOutAsyncReq                          0x200006f0   Data           4  usbd_hid.o(.data)
    DataOutUpdateReqMask                     0x200006f4   Data           4  usbd_hid.o(.data)
    ptrDataOut                               0x200006f8   Data           4  usbd_hid.o(.data)
    DataOutToSendLen                         0x200006fc   Data           2  usbd_hid.o(.data)
    DataOutSentLen                           0x200006fe   Data           2  usbd_hid.o(.data)
    DataOutEndWithShortPacket                0x20000700   Data           4  usbd_hid.o(.data)
    ptrDataIn                                0x20000704   Data           4  usbd_hid.o(.data)
    DataInReceLen                            0x20000708   Data           2  usbd_hid.o(.data)
    ptrDataFeat                              0x2000070c   Data           4  usbd_hid.o(.data)
    DataFeatReceLen                          0x20000710   Data           2  usbd_hid.o(.data)
    loop                                     0x20000728   Data          16  scheduler.o(.bss)
    test                                     0x20000738   Data          20  scheduler.o(.bss)
    sensor_setup                             0x2000074c   Data          64  parameter.o(.bss)
    pid_setup                                0x2000078c   Data         192  parameter.o(.bss)
    ctrl_1                                   0x200028c0   Data         196  ctrl.o(.bss)
    ctrl_2                                   0x20002984   Data         196  ctrl.o(.bss)
    except_A                                 0x20002a48   Data          12  ctrl.o(.bss)
    ctrl_angle_offset                        0x20002a54   Data          12  ctrl.o(.bss)
    compensation                             0x20002a60   Data          12  ctrl.o(.bss)
    except_AS                                0x20002a6c   Data          12  ctrl.o(.bss)
    g_old                                    0x20002a78   Data          28  ctrl.o(.bss)
    motor                                    0x20002a94   Data          16  ctrl.o(.bss)
    posture_value                            0x20002aa4   Data          16  ctrl.o(.bss)
    curve                                    0x20002ab4   Data          16  ctrl.o(.bss)
    agl_initBuf                              0x20002ac4   Data          20  ctrl.o(.bss)
    reference_v                              0x20002ad8   Data          12  imu.o(.bss)
    ref                                      0x20002ae4   Data          60  imu.o(.bss)
    mag_sim_3d                               0x20002b20   Data          12  imu.o(.bss)
    f                                        0x20002b38   Data          18  data_transfer.o(.bss)
    data_to_send                             0x20002b4a   Data          50  data_transfer.o(.bss)
    RX_CH                                    0x20002b7c   Data          16  data_transfer.o(.bss)
    CH                                       0x20002bc0   Data          16  rc.o(.bss)
    CH_Old                                   0x20002bd0   Data          32  rc.o(.bss)
    CH_filter                                0x20002bf0   Data          32  rc.o(.bss)
    CH_filter_Old                            0x20002c10   Data          32  rc.o(.bss)
    CH_filter_D                              0x20002c30   Data          32  rc.o(.bss)
    CLR_CH_Error                             0x20002c50   Data          16  rc.o(.bss)
    USBD_EP0Buf                              0x20002c70   Data          64  usb_config.o(.bss)
    USBD_HID_InReport                        0x20002cb0   Data          65  usb_config.o(.bss)
    USBD_HID_OutReport                       0x20002cf1   Data          65  usb_config.o(.bss)
    stk_usb_msc_task                         0x20002d38   Data         600  usb_config.o(.bss)
    hid_datatemp                             0x20002f90   Data         256  usbd_user_hid.o(.bss)
    hid_data2send                            0x20003090   Data          64  usbd_user_hid.o(.bss)
    string_auth                              0x200030d0   Data          29  version.o(.bss)
    string_auth_descriptor                   0x200030ed   Data          52  version.o(.bss)
    med_filter_tmp                           0x20003124   Data          88  filter.o(.bss)
    wz_speed_pid_v                           0x2000317c   Data          20  height_ctrl.o(.bss)
    wz_speed_pid                             0x20003190   Data          12  height_ctrl.o(.bss)
    baro_speed_arr                           0x2000319c   Data         404  height_ctrl.o(.bss)
    ultra_ctrl                               0x20003330   Data          20  height_ctrl.o(.bss)
    ultra_pid                                0x20003344   Data          12  height_ctrl.o(.bss)
    Cycle_T                                  0x20003350   Data          60  time.o(.bss)
    Rc_Pwm_In                                0x2000338c   Data          16  pwm_in.o(.bss)
    mpu6050                                  0x2000339c   Data         128  mpu6050.o(.bss)
    mpu6050_buffer                           0x2000341c   Data          14  mpu6050.o(.bss)
    sum_temp                                 0x2000342c   Data          28  mpu6050.o(.bss)
    FILT_BUF                                 0x20003448   Data         154  mpu6050.o(.bss)
    mpu6050_tmp                              0x200034e4   Data          28  mpu6050.o(.bss)
    mpu_fil_tmp                              0x20003500   Data          28  mpu6050.o(.bss)
    ms5611_prom                              0x20003528   Data          16  ms5611.o(.bss)
    TxBuffer                                 0x20003538   Data         256  usart.o(.bss)
    Rx_Buf                                   0x20003638   Data         256  usart.o(.bss)
    Tx5Buffer                                0x20003738   Data         256  usart.o(.bss)
    HID_IntInPacketData                      0x20003838   Data          64  usbd_stm32f4xx_fs.o(.bss)
    IsoOutPacketDataPtr                      0x20003878   Data          16  usbd_stm32f4xx_fs.o(.bss)
    InPacketDataCnt                          0x20003888   Data          16  usbd_stm32f4xx_fs.o(.bss)
    IsoOutPacketDataCnt                      0x20003898   Data          16  usbd_stm32f4xx_fs.o(.bss)
    __initial_sp                             0x200040b8   Data           0  startup_stm32f4xx.o(STACK)



==============================================================================

Memory Map of the image

  Image Entry point : 0x08000189

  Load Region LR_IROM1 (Base: 0x08000000, Size: 0x00015798, Max: 0x00100000, ABSOLUTE, COMPRESSED[0x000154f8])

    Execution Region ER_IROM1 (Base: 0x08000000, Size: 0x00015070, Max: 0x00100000, ABSOLUTE)

    Base Addr    Size         Type   Attr      Idx    E Section Name        Object

    0x08000000   0x00000188   Data   RO         1166    RESET               startup_stm32f4xx.o
    0x08000188   0x00000000   Code   RO         1305  * .ARM.Collect$$$$00000000  mc_w.l(entry.o)
    0x08000188   0x00000004   Code   RO         1370    .ARM.Collect$$$$00000001  mc_w.l(entry2.o)
    0x0800018c   0x00000004   Code   RO         1373    .ARM.Collect$$$$00000004  mc_w.l(entry5.o)
    0x08000190   0x00000000   Code   RO         1375    .ARM.Collect$$$$00000008  mc_w.l(entry7b.o)
    0x08000190   0x00000000   Code   RO         1377    .ARM.Collect$$$$0000000A  mc_w.l(entry8b.o)
    0x08000190   0x00000008   Code   RO         1378    .ARM.Collect$$$$0000000B  mc_w.l(entry9a.o)
    0x08000198   0x00000000   Code   RO         1380    .ARM.Collect$$$$0000000D  mc_w.l(entry10a.o)
    0x08000198   0x00000000   Code   RO         1382    .ARM.Collect$$$$0000000F  mc_w.l(entry11a.o)
    0x08000198   0x00000004   Code   RO         1371    .ARM.Collect$$$$00002712  mc_w.l(entry2.o)
    0x0800019c   0x00000018   Code   RO            2    .text               main.o
    0x080001b4   0x00000048   Code   RO          131    .text               stm32f4xx_it.o
    0x080001fc   0x00000250   Code   RO          151    .text               scheduler.o
    0x0800044c   0x00000058   Code   RO          220    .text               init.o
    0x080004a4   0x000005c8   Code   RO          236    .text               parameter.o
    0x08000a6c   0x000014b0   Code   RO          288    .text               ctrl.o
    0x08001f1c   0x000008d8   Code   RO          311    .text               imu.o
    0x080027f4   0x00000568   Code   RO          341    .text               mymath.o
    0x08002d5c   0x00001b80   Code   RO          360    .text               data_transfer.o
    0x080048dc   0x0000063c   Code   RO          401    .text               rc.o
    0x08004f18   0x00000052   Code   RO          425    .text               usb_config.o
    0x08004f6a   0x00000002   PAD
    0x08004f6c   0x0000024c   Code   RO          500    .text               usbd_user_hid.o
    0x080051b8   0x00000020   Code   RO          526    .text               version.o
    0x080051d8   0x00000274   Code   RO          549    .text               filter.o
    0x0800544c   0x00000c84   Code   RO          569    .text               height_ctrl.o
    0x080060d0   0x00000284   Code   RO          592    .text               time.o
    0x08006354   0x00000558   Code   RO          631    .text               pwm_in.o
    0x080068ac   0x000001cc   Code   RO          658    .text               pwm_out.o
    0x08006a78   0x000003a8   Code   RO          683    .text               i2c_soft.o
    0x08006e20   0x00000a00   Code   RO          709    .text               mpu6050.o
    0x08007820   0x00000458   Code   RO          737    .text               ak8975.o
    0x08007c78   0x0000045c   Code   RO          760    .text               led.o
    0x080080d4   0x000003dc   Code   RO          786    .text               ms5611.o
    0x080084b0   0x0000032c   Code   RO          816    .text               usart.o
    0x080087dc   0x000012b8   Code   RO          843    .text               usbd_stm32f4xx_fs.o
    0x08009a94   0x00000444   Code   RO          870    .text               drv_w25qxx.o
    0x08009ed8   0x000000b0   Code   RO          895    .text               ultrasonic.o
    0x08009f88   0x000001ec   Code   RO          917    .text               misc.o
    0x0800a174   0x00000916   Code   RO         1013    .text               stm32f4xx_gpio.o
    0x0800aa8a   0x00000002   PAD
    0x0800aa8c   0x00000d7c   Code   RO         1061    .text               stm32f4xx_rcc.o
    0x0800b808   0x00000bc8   Code   RO         1079    .text               stm32f4xx_spi.o
    0x0800c3d0   0x00003294   Code   RO         1111    .text               stm32f4xx_tim.o
    0x0800f664   0x00000eb4   Code   RO         1127    .text               stm32f4xx_usart.o
    0x08010518   0x00000210   Code   RO         1143    .text               system_stm32f4xx.o
    0x08010728   0x00000024   Code   RO         1167    .text               startup_stm32f4xx.o
    0x0801074c   0x00000a48   Code   RO         1172    .text               usbd_core.o
    0x08011194   0x000001b0   Code   RO         1216    .text               usbd_core_hid.o
    0x08011344   0x00000604   Code   RO         1228    .text               usbd_hid.o
    0x08011948   0x000000f0   Code   RO         1244    .text               diskio.o
    0x08011a38   0x0000278c   Code   RO         1270    .text               ff.o
    0x080141c4   0x00000024   Code   RO         1308    .text               mc_w.l(memcpya.o)
    0x080141e8   0x00000024   Code   RO         1310    .text               mc_w.l(memseta.o)
    0x0801420c   0x0000000e   Code   RO         1312    .text               mc_w.l(strlen.o)
    0x0801421a   0x0000014e   Code   RO         1316    .text               mf_w.l(dadd.o)
    0x08014368   0x000000e4   Code   RO         1318    .text               mf_w.l(dmul.o)
    0x0801444c   0x000000de   Code   RO         1320    .text               mf_w.l(ddiv.o)
    0x0801452a   0x00000022   Code   RO         1322    .text               mf_w.l(dflti.o)
    0x0801454c   0x0000001a   Code   RO         1324    .text               mf_w.l(dfltui.o)
    0x08014566   0x00000026   Code   RO         1326    .text               mf_w.l(f2d.o)
    0x0801458c   0x00000030   Code   RO         1328    .text               mf_w.l(cdcmple.o)
    0x080145bc   0x00000030   Code   RO         1330    .text               mf_w.l(cdrcmple.o)
    0x080145ec   0x00000038   Code   RO         1332    .text               mf_w.l(d2f.o)
    0x08014624   0x0000001e   Code   RO         1384    .text               mc_w.l(llshl.o)
    0x08014642   0x00000024   Code   RO         1386    .text               mc_w.l(llsshr.o)
    0x08014666   0x00000000   Code   RO         1395    .text               mc_w.l(iusefp.o)
    0x08014666   0x0000006e   Code   RO         1396    .text               mf_w.l(fepilogue.o)
    0x080146d4   0x000000ba   Code   RO         1398    .text               mf_w.l(depilogue.o)
    0x0801478e   0x00000002   PAD
    0x08014790   0x00000024   Code   RO         1402    .text               mc_w.l(init.o)
    0x080147b4   0x00000020   Code   RO         1404    .text               mc_w.l(llushr.o)
    0x080147d4   0x000000a2   Code   RO         1406    .text               mf_w.l(dsqrt.o)
    0x08014876   0x00000056   Code   RO         1416    .text               mc_w.l(__dczerorl2.o)
    0x080148cc   0x00000030   Code   RO         1354    i.__ARM_fpclassify  m_wm.l(fpclassify.o)
    0x080148fc   0x00000004   PAD
    0x08014900   0x00000360   Code   RO         1291    i.__hardfp_asin     m_wm.l(asin.o)
    0x08014c60   0x000000f8   Code   RO         1356    i.__kernel_poly     m_wm.l(poly.o)
    0x08014d58   0x00000014   Code   RO         1335    i.__mathlib_dbl_infnan  m_wm.l(dunder.o)
    0x08014d6c   0x00000004   PAD
    0x08014d70   0x00000020   Code   RO         1337    i.__mathlib_dbl_invalid  m_wm.l(dunder.o)
    0x08014d90   0x00000020   Code   RO         1340    i.__mathlib_dbl_underflow  m_wm.l(dunder.o)
    0x08014db0   0x0000000e   Code   RO         1410    i.__scatterload_copy  mc_w.l(handlers.o)
    0x08014dbe   0x00000002   Code   RO         1411    i.__scatterload_null  mc_w.l(handlers.o)
    0x08014dc0   0x0000000e   Code   RO         1412    i.__scatterload_zeroinit  mc_w.l(handlers.o)
    0x08014dce   0x00000002   PAD
    0x08014dd0   0x0000000c   Code   RO         1390    i.__set_errno       mc_w.l(errno.o)
    0x08014ddc   0x00000018   Code   RO         1350    i.fabs              m_wm.l(fabs.o)
    0x08014df4   0x0000006e   Code   RO         1360    i.sqrt              m_wm.l(sqrt.o)
    0x08014e62   0x00000002   PAD
    0x08014e64   0x00000170   Data   RO          427    .constdata          usb_config.o
    0x08014fd4   0x0000002c   Data   RO         1271    .constdata          ff.o
    0x08015000   0x00000050   Data   RO         1294    .constdata          m_wm.l(asin.o)
    0x08015050   0x00000020   Data   RO         1408    Region$$Table       anon$$obj.o


    Execution Region RW_IRAM1 (Base: 0x20000000, Size: 0x000040b8, Max: 0x00020000, ABSOLUTE, COMPRESSED[0x00000488])

    Base Addr    Size         Type   Attr      Idx    E Section Name        Object

    0x20000000   0x00000001   Data   RW            3    .data               main.o
    0x20000001   0x00000001   PAD
    0x20000002   0x00000002   Data   RW          153    .data               scheduler.o
    0x20000004   0x00000001   Data   RW          238    .data               parameter.o
    0x20000005   0x00000003   PAD
    0x20000008   0x00000068   Data   RW          290    .data               ctrl.o
    0x20000070   0x00000038   Data   RW          313    .data               imu.o
    0x200000a8   0x00000404   Data   RW          342    .data               mymath.o
    0x200004ac   0x00000011   Data   RW          362    .data               data_transfer.o
    0x200004bd   0x00000003   PAD
    0x200004c0   0x00000045   Data   RW          403    .data               rc.o
    0x20000505   0x00000001   PAD
    0x20000506   0x00000009   Data   RW          428    .data               usb_config.o
    0x2000050f   0x00000004   Data   RW          502    .data               usbd_user_hid.o
    0x20000513   0x00000001   PAD
    0x20000514   0x00000014   Data   RW          551    .data               filter.o
    0x20000528   0x00000060   Data   RW          571    .data               height_ctrl.o
    0x20000588   0x00000014   Data   RW          594    .data               time.o
    0x2000059c   0x00000020   Data   RW          633    .data               pwm_in.o
    0x200005bc   0x00000004   Data   RW          659    .data               pwm_out.o
    0x200005c0   0x00000001   Data   RW          684    .data               i2c_soft.o
    0x200005c1   0x00000003   PAD
    0x200005c4   0x0000001c   Data   RW          711    .data               mpu6050.o
    0x200005e0   0x0000004a   Data   RW          739    .data               ak8975.o
    0x2000062a   0x0000000d   Data   RW          761    .data               led.o
    0x20000637   0x00000001   PAD
    0x20000638   0x0000002a   Data   RW          788    .data               ms5611.o
    0x20000662   0x00000004   Data   RW          818    .data               usart.o
    0x20000666   0x00000002   PAD
    0x20000668   0x00000030   Data   RW          845    .data               usbd_stm32f4xx_fs.o
    0x20000698   0x0000000b   Data   RW          896    .data               ultrasonic.o
    0x200006a3   0x00000010   Data   RW         1062    .data               stm32f4xx_rcc.o
    0x200006b3   0x00000001   PAD
    0x200006b4   0x00000014   Data   RW         1144    .data               system_stm32f4xx.o
    0x200006c8   0x00000024   Data   RW         1173    .data               usbd_core.o
    0x200006ec   0x00000027   Data   RW         1229    .data               usbd_hid.o
    0x20000713   0x00000001   PAD
    0x20000714   0x00000004   Data   RW         1245    .data               diskio.o
    0x20000718   0x0000000a   Data   RW         1272    .data               ff.o
    0x20000722   0x00000002   PAD
    0x20000724   0x00000004   Data   RW         1391    .data               mc_w.l(errno.o)
    0x20000728   0x00000024   Zero   RW          152    .bss                scheduler.o
    0x2000074c   0x00002174   Zero   RW          237    .bss                parameter.o
    0x200028c0   0x00000218   Zero   RW          289    .bss                ctrl.o
    0x20002ad8   0x00000060   Zero   RW          312    .bss                imu.o
    0x20002b38   0x00000086   Zero   RW          361    .bss                data_transfer.o
    0x20002bbe   0x00000002   PAD
    0x20002bc0   0x000000b0   Zero   RW          402    .bss                rc.o
    0x20002c70   0x00000320   Zero   RW          426    .bss                usb_config.o
    0x20002f90   0x00000140   Zero   RW          501    .bss                usbd_user_hid.o
    0x200030d0   0x00000051   Zero   RW          527    .bss                version.o
    0x20003121   0x00000003   PAD
    0x20003124   0x00000058   Zero   RW          550    .bss                filter.o
    0x2000317c   0x000001d4   Zero   RW          570    .bss                height_ctrl.o
    0x20003350   0x0000003c   Zero   RW          593    .bss                time.o
    0x2000338c   0x00000010   Zero   RW          632    .bss                pwm_in.o
    0x2000339c   0x00000180   Zero   RW          710    .bss                mpu6050.o
    0x2000351c   0x0000000c   Zero   RW          738    .bss                ak8975.o
    0x20003528   0x00000010   Zero   RW          787    .bss                ms5611.o
    0x20003538   0x00000300   Zero   RW          817    .bss                usart.o
    0x20003838   0x00000070   Zero   RW          844    .bss                usbd_stm32f4xx_fs.o
    0x200038a8   0x0000000c   Zero   RW          871    .bss                drv_w25qxx.o
    0x200038b4   0x00000004   PAD
    0x200038b8   0x00000800   Zero   RW         1164    STACK               startup_stm32f4xx.o


==============================================================================

Image component sizes


      Code (inc. data)   RO Data    RW Data    ZI Data      Debug   Object Name

      1112         34          0         74         12       3092   ak8975.o
      5296        374          0        104        536       5895   ctrl.o
      7040        268          0         17        134      11717   data_transfer.o
       240          6          0          4          0       4778   diskio.o
      1092         20          0          0         12       5829   drv_w25qxx.o
     10124        112         44         10          0      28890   ff.o
       628         26          0         20         88       2595   filter.o
      3204        360          0         96        468       4991   height_ctrl.o
       936         10          0          1          0       4598   i2c_soft.o
      2264        142          0         56         96       3209   imu.o
        88          8          0          0          0        579   init.o
      1116         42          0         13          0       2643   led.o
        24          4          0          1          0     277892   main.o
       492         74          0          0          0       2205   misc.o
      2560        126          0         28        384      16851   mpu6050.o
       988        102          0         42         16       3574   ms5611.o
      1384        110          0       1028          0       5048   mymath.o
      1480        126          0          1       8564       7918   parameter.o
      1368        104          0         32         16       2360   pwm_in.o
       460         22          0          4          0       2278   pwm_out.o
      1596        142          0         69        176       3404   rc.o
       592         48          0          2         36       2509   scheduler.o
        36          8        392          0       2048        920   startup_stm32f4xx.o
      2326        132          0          0          0       5581   stm32f4xx_gpio.o
        72          4          0          0          0       1692   stm32f4xx_it.o
      3452        262          0         16          0      13715   stm32f4xx_rcc.o
      3016        118          0          0          0       8709   stm32f4xx_spi.o
     12948        670          0          0          0      31372   stm32f4xx_tim.o
      3764        164          0          0          0      10260   stm32f4xx_usart.o
       528         46          0         20          0       2111   system_stm32f4xx.o
       644         42          0         20         60      22557   time.o
       176         30          0         11          0       1413   ultrasonic.o
       812         40          0          4        768       3035   usart.o
        82          0        368          9        800      27946   usb_config.o
      2632        202          0         36          0       8104   usbd_core.o
       432         68          0          0          0       1792   usbd_core_hid.o
      1540        184          0         39          0       6091   usbd_hid.o
      4792        220          0         48        112      27429   usbd_stm32f4xx_fs.o
       588         24          0          4        320       3210   usbd_user_hid.o
        32         10          0          0         81       1648   version.o

    ----------------------------------------------------------------------
     81960       4484        836       1828      14736     580440   Object Totals
         0          0         32          0          0          0   (incl. Generated)
         4          0          0         19          9          0   (incl. Padding)

    ----------------------------------------------------------------------

      Code (inc. data)   RO Data    RW Data    ZI Data      Debug   Library Member Name

       864         94         80          0          0        280   asin.o
        84         16          0          0          0        372   dunder.o
        24          0          0          0          0        124   fabs.o
        48          0          0          0          0        124   fpclassify.o
       248          0          0          0          0        152   poly.o
       110          0          0          0          0        148   sqrt.o
        86          0          0          0          0          0   __dczerorl2.o
         0          0          0          0          0          0   entry.o
         0          0          0          0          0          0   entry10a.o
         0          0          0          0          0          0   entry11a.o
         8          4          0          0          0          0   entry2.o
         4          0          0          0          0          0   entry5.o
         0          0          0          0          0          0   entry7b.o
         0          0          0          0          0          0   entry8b.o
         8          4          0          0          0          0   entry9a.o
        12          6          0          4          0         68   errno.o
        30          0          0          0          0          0   handlers.o
        36          8          0          0          0         68   init.o
         0          0          0          0          0          0   iusefp.o
        30          0          0          0          0         68   llshl.o
        36          0          0          0          0         68   llsshr.o
        32          0          0          0          0         68   llushr.o
        36          0          0          0          0         68   memcpya.o
        36          0          0          0          0        108   memseta.o
        14          0          0          0          0         68   strlen.o
        48          0          0          0          0         68   cdcmple.o
        48          0          0          0          0         68   cdrcmple.o
        56          0          0          0          0         88   d2f.o
       334          0          0          0          0        148   dadd.o
       222          0          0          0          0        100   ddiv.o
       186          0          0          0          0        176   depilogue.o
        34          0          0          0          0         76   dflti.o
        26          0          0          0          0         76   dfltui.o
       228          0          0          0          0         96   dmul.o
       162          0          0          0          0        100   dsqrt.o
        38          0          0          0          0         68   f2d.o
       110          0          0          0          0        168   fepilogue.o

    ----------------------------------------------------------------------
      3252        132         80          4          0       3016   Library Totals
        14          0          0          0          0          0   (incl. Padding)

    ----------------------------------------------------------------------

      Code (inc. data)   RO Data    RW Data    ZI Data      Debug   Library Name

      1378        110         80          0          0       1200   m_wm.l
       368         22          0          4          0        584   mc_w.l
      1492          0          0          0          0       1232   mf_w.l

    ----------------------------------------------------------------------
      3252        132         80          4          0       3016   Library Totals

    ----------------------------------------------------------------------

==============================================================================


      Code (inc. data)   RO Data    RW Data    ZI Data      Debug   

     85212       4616        916       1832      14736     574856   Grand Totals
     85212       4616        916       1160      14736     574856   ELF Image Totals (compressed)
     85212       4616        916       1160          0          0   ROM Totals

==============================================================================

    Total RO  Size (Code + RO Data)                86128 (  84.11kB)
    Total RW  Size (RW Data + ZI Data)             16568 (  16.18kB)
    Total ROM Size (Code + RO Data + RW Data)      87288 (  85.24kB)

==============================================================================

