<html>
<body>
<pre>
<h1>礦ision Build Log</h1>
<h2>Tool Versions:</h2>
IDE-Version: μVision V5.21.1.0
Copyright (C) 2016 ARM Ltd and ARM Germany GmbH. All rights reserved.
License Information: 1 1, 1, LIC=EXJMM-XQF5U-EU74R-K170N-WAZNR-5TDXP
 
Tool Versions:
Toolchain:       MDK-ARM Plus  Version: 5.21a
Toolchain Path:  C:\Keil_v5\ARM\ARMCC\Bin
C Compiler:      Armcc.exe V5.06 update 3 (build 300)
Assembler:       Armasm.exe V5.06 update 3 (build 300)
Linker/Locator:  ArmLink.exe V5.06 update 3 (build 300)
Library Manager: ArmAr.exe V5.06 update 3 (build 300)
Hex Converter:   FromElf.exe V5.06 update 3 (build 300)
CPU DLL:         SARMCM3.DLL V5.21a
Dialog DLL:      DCM.DLL V1.13.8.0
Target DLL:      Segger\JL2CM3.dll V2.99.23.0
Dialog DLL:      TCM.DLL V1.14.14.0
 
<h2>Project:</h2>
D:\WIND\Documents\901\硬件\Code\2018\F407板子\F407_遥控+4路PWM\F407_FC.uvprojx
Project File Date:  11/24/2018

<h2>Output:</h2>
*** Using Compiler 'V5.06 update 3 (build 300)', folder: 'C:\Keil_v5\ARM\ARMCC\Bin'
Rebuild target 'Anopilot'
compiling main.c...
compiling stm32f4xx_it.c...
compiling imu.c...
compiling parameter.c...
compiling init.c...
compiling scheduler.c...
compiling ctrl.c...
applications\ctrl.c(215): warning:  #550-D: variable "motor_out" was set but never used
  	s16 motor_out[MAXMOTORS];
applications\ctrl.c: 1 warning, 0 errors
compiling version.c...
compiling usb_config.c...
compiling mymath.c...
compiling rc.c...
compiling filter.c...
compiling usbd_user_hid.c...
compiling data_transfer.c...
compiling time.c...
compiling height_ctrl.c...
compiling pwm_in.c...
compiling i2c_soft.c...
compiling pwm_out.c...
drivers\pwm_out.c(29): warning:  #550-D: variable "PrescalerValue" was set but never used
  	uint16_t PrescalerValue = 0;
drivers\pwm_out.c: 1 warning, 0 errors
compiling mpu6050.c...
compiling ak8975.c...
compiling led.c...
compiling ms5611.c...
compiling drv_w25qxx.c...
drivers\drv_w25qxx.c(211): warning:  #177-D: function "Flash_WriteDisable" was declared but never referenced
  static void Flash_WriteDisable(void)
drivers\drv_w25qxx.c(82): warning:  #177-D: function "Flash_Transfer" was declared but never referenced
  static uint32_t Flash_Transfer(uint8_t *send_buffer,uint8_t *recv_buffer,uint32_t len)
drivers\drv_w25qxx.c: 2 warnings, 0 errors
compiling misc.c...
compiling ultrasonic.c...
drivers\ultrasonic.c(34): warning:  #9-D: nested comment is not allowed
  //////////////////////////////////////////////*/	
drivers\ultrasonic.c: 1 warning, 0 errors
compiling usart.c...
compiling stm32f4xx_dbgmcu.c...
compiling stm32f4xx_adc.c...
compiling usbd_STM32F4xx_FS.c...
compiling stm32f4xx_exti.c...
compiling stm32f4xx_pwr.c...
compiling stm32f4xx_gpio.c...
compiling stm32f4xx_i2c.c...
compiling stm32f4xx_flash.c...
compiling stm32f4xx_dma.c...
compiling stm32f4xx_rcc.c...
assembling startup_stm32f4xx.s...
compiling usbd_core_hid.c...
compiling usbd_core.c...
compiling usbd_hid.c...
compiling stm32f4xx_syscfg.c...
compiling stm32f4xx_spi.c...
compiling system_stm32f4xx.c...
compiling stm32f4xx_usart.c...
compiling ff.c...
compiling diskio.c...
compiling stm32f4xx_tim.c...
linking...
Program Size: Code=85212 RO-data=916 RW-data=1832 ZI-data=14736  
FromELF: creating hex file...
After Build - User command #1: fromelf --bin .\build\F407_FC.axf --output TEST.ANO
".\build\F407_FC.axf" - 0 Error(s), 5 Warning(s).

<h2>Collection of Component include folders:</h2>
  D:\WIND\Documents\901\硬件\Code\2018\F407板子\F407_遥控+4路PWM\RTE
  C:\Keil_v5\ARM\PACK\Keil\STM32F4xx_DFP\2.13.0\Drivers\CMSIS\Device\ST\STM32F4xx\Include

<h2>Collection of Component Files used:</h2>
Build Time Elapsed:  00:00:09
</pre>
</body>
</html>
